Archive member included to satisfy reference by file (symbol)

c:/st/stm32cubeide_1.0.1/stm32cubeide/plugins/com.st.stm32cube.ide.mcu.externaltools.gnu-arm-embedded.7-2018-q2-update.win32_1.0.0.201904081647/tools/bin/../lib/gcc/arm-none-eabi/7.3.1/../../../../arm-none-eabi/lib/thumb/v7-m\libc.a(lib_a-errno.o)
                              Src/syscalls.o (__errno)
c:/st/stm32cubeide_1.0.1/stm32cubeide/plugins/com.st.stm32cube.ide.mcu.externaltools.gnu-arm-embedded.7-2018-q2-update.win32_1.0.0.201904081647/tools/bin/../lib/gcc/arm-none-eabi/7.3.1/../../../../arm-none-eabi/lib/thumb/v7-m\libc.a(lib_a-exit.o)
                              c:/st/stm32cubeide_1.0.1/stm32cubeide/plugins/com.st.stm32cube.ide.mcu.externaltools.gnu-arm-embedded.7-2018-q2-update.win32_1.0.0.201904081647/tools/bin/../lib/gcc/arm-none-eabi/7.3.1/../../../../arm-none-eabi/lib/thumb/v7-m/crt0.o (exit)
c:/st/stm32cubeide_1.0.1/stm32cubeide/plugins/com.st.stm32cube.ide.mcu.externaltools.gnu-arm-embedded.7-2018-q2-update.win32_1.0.0.201904081647/tools/bin/../lib/gcc/arm-none-eabi/7.3.1/../../../../arm-none-eabi/lib/thumb/v7-m\libc.a(lib_a-impure.o)
                              c:/st/stm32cubeide_1.0.1/stm32cubeide/plugins/com.st.stm32cube.ide.mcu.externaltools.gnu-arm-embedded.7-2018-q2-update.win32_1.0.0.201904081647/tools/bin/../lib/gcc/arm-none-eabi/7.3.1/../../../../arm-none-eabi/lib/thumb/v7-m\libc.a(lib_a-exit.o) (_global_impure_ptr)
c:/st/stm32cubeide_1.0.1/stm32cubeide/plugins/com.st.stm32cube.ide.mcu.externaltools.gnu-arm-embedded.7-2018-q2-update.win32_1.0.0.201904081647/tools/bin/../lib/gcc/arm-none-eabi/7.3.1/../../../../arm-none-eabi/lib/thumb/v7-m\libc.a(lib_a-init.o)
                              c:/st/stm32cubeide_1.0.1/stm32cubeide/plugins/com.st.stm32cube.ide.mcu.externaltools.gnu-arm-embedded.7-2018-q2-update.win32_1.0.0.201904081647/tools/bin/../lib/gcc/arm-none-eabi/7.3.1/../../../../arm-none-eabi/lib/thumb/v7-m/crt0.o (__libc_init_array)
c:/st/stm32cubeide_1.0.1/stm32cubeide/plugins/com.st.stm32cube.ide.mcu.externaltools.gnu-arm-embedded.7-2018-q2-update.win32_1.0.0.201904081647/tools/bin/../lib/gcc/arm-none-eabi/7.3.1/../../../../arm-none-eabi/lib/thumb/v7-m\libc.a(lib_a-malloc.o)
                              Middlewares/IoHw_ds18b20/tm_stm32_delay.o (malloc)
c:/st/stm32cubeide_1.0.1/stm32cubeide/plugins/com.st.stm32cube.ide.mcu.externaltools.gnu-arm-embedded.7-2018-q2-update.win32_1.0.0.201904081647/tools/bin/../lib/gcc/arm-none-eabi/7.3.1/../../../../arm-none-eabi/lib/thumb/v7-m\libc.a(lib_a-mallocr.o)
                              c:/st/stm32cubeide_1.0.1/stm32cubeide/plugins/com.st.stm32cube.ide.mcu.externaltools.gnu-arm-embedded.7-2018-q2-update.win32_1.0.0.201904081647/tools/bin/../lib/gcc/arm-none-eabi/7.3.1/../../../../arm-none-eabi/lib/thumb/v7-m\libc.a(lib_a-malloc.o) (_malloc_r)
c:/st/stm32cubeide_1.0.1/stm32cubeide/plugins/com.st.stm32cube.ide.mcu.externaltools.gnu-arm-embedded.7-2018-q2-update.win32_1.0.0.201904081647/tools/bin/../lib/gcc/arm-none-eabi/7.3.1/../../../../arm-none-eabi/lib/thumb/v7-m\libc.a(lib_a-memcpy.o)
                              Middlewares/Third_Party/FreeRTOS/Source/queue.o (memcpy)
c:/st/stm32cubeide_1.0.1/stm32cubeide/plugins/com.st.stm32cube.ide.mcu.externaltools.gnu-arm-embedded.7-2018-q2-update.win32_1.0.0.201904081647/tools/bin/../lib/gcc/arm-none-eabi/7.3.1/../../../../arm-none-eabi/lib/thumb/v7-m\libc.a(lib_a-memset.o)
                              c:/st/stm32cubeide_1.0.1/stm32cubeide/plugins/com.st.stm32cube.ide.mcu.externaltools.gnu-arm-embedded.7-2018-q2-update.win32_1.0.0.201904081647/tools/bin/../lib/gcc/arm-none-eabi/7.3.1/../../../../arm-none-eabi/lib/thumb/v7-m/crt0.o (memset)
c:/st/stm32cubeide_1.0.1/stm32cubeide/plugins/com.st.stm32cube.ide.mcu.externaltools.gnu-arm-embedded.7-2018-q2-update.win32_1.0.0.201904081647/tools/bin/../lib/gcc/arm-none-eabi/7.3.1/../../../../arm-none-eabi/lib/thumb/v7-m\libc.a(lib_a-mlock.o)
                              c:/st/stm32cubeide_1.0.1/stm32cubeide/plugins/com.st.stm32cube.ide.mcu.externaltools.gnu-arm-embedded.7-2018-q2-update.win32_1.0.0.201904081647/tools/bin/../lib/gcc/arm-none-eabi/7.3.1/../../../../arm-none-eabi/lib/thumb/v7-m\libc.a(lib_a-mallocr.o) (__malloc_lock)
c:/st/stm32cubeide_1.0.1/stm32cubeide/plugins/com.st.stm32cube.ide.mcu.externaltools.gnu-arm-embedded.7-2018-q2-update.win32_1.0.0.201904081647/tools/bin/../lib/gcc/arm-none-eabi/7.3.1/../../../../arm-none-eabi/lib/thumb/v7-m\libc.a(lib_a-sbrkr.o)
                              c:/st/stm32cubeide_1.0.1/stm32cubeide/plugins/com.st.stm32cube.ide.mcu.externaltools.gnu-arm-embedded.7-2018-q2-update.win32_1.0.0.201904081647/tools/bin/../lib/gcc/arm-none-eabi/7.3.1/../../../../arm-none-eabi/lib/thumb/v7-m\libc.a(lib_a-mallocr.o) (_sbrk_r)
[...]
Memory Configuration

Name             Origin             Length             Attributes
FLASH            0x08000000         0x00010000         xr
RAM              0x20000000         0x00005000         xrw
*default*        0x00000000         0xffffffff

Linker script and memory map

LOAD c:/st/stm32cubeide_1.0.1/stm32cubeide/plugins/com.st.stm32cube.ide.mcu.externaltools.gnu-arm-embedded.7-2018-q2-update.win32_1.0.0.201904081647/tools/bin/../lib/gcc/arm-none-eabi/7.3.1/thumb/v7-m/crti.o
LOAD c:/st/stm32cubeide_1.0.1/stm32cubeide/plugins/com.st.stm32cube.ide.mcu.externaltools.gnu-arm-embedded.7-2018-q2-update.win32_1.0.0.201904081647/tools/bin/../lib/gcc/arm-none-eabi/7.3.1/thumb/v7-m/crtbegin.o
LOAD c:/st/stm32cubeide_1.0.1/stm32cubeide/plugins/com.st.stm32cube.ide.mcu.externaltools.gnu-arm-embedded.7-2018-q2-update.win32_1.0.0.201904081647/tools/bin/../lib/gcc/arm-none-eabi/7.3.1/../../../../arm-none-eabi/lib/thumb/v7-m/crt0.o
LOAD Drivers/STM32F1xx_HAL_Driver/Src/stm32f1xx_hal.o
LOAD Drivers/STM32F1xx_HAL_Driver/Src/stm32f1xx_hal_adc.o
LOAD Drivers/STM32F1xx_HAL_Driver/Src/stm32f1xx_hal_adc_ex.o
LOAD Drivers/STM32F1xx_HAL_Driver/Src/stm32f1xx_hal_cortex.o
LOAD Drivers/STM32F1xx_HAL_Driver/Src/stm32f1xx_hal_dma.o
LOAD Drivers/STM32F1xx_HAL_Driver/Src/stm32f1xx_hal_flash.o
LOAD Drivers/STM32F1xx_HAL_Driver/Src/stm32f1xx_hal_flash_ex.o
LOAD Drivers/STM32F1xx_HAL_Driver/Src/stm32f1xx_hal_gpio.o
LOAD Drivers/STM32F1xx_HAL_Driver/Src/stm32f1xx_hal_gpio_ex.o
LOAD Drivers/STM32F1xx_HAL_Driver/Src/stm32f1xx_hal_i2c.o
LOAD Drivers/STM32F1xx_HAL_Driver/Src/stm32f1xx_hal_pwr.o
LOAD Drivers/STM32F1xx_HAL_Driver/Src/stm32f1xx_hal_rcc.o
LOAD Drivers/STM32F1xx_HAL_Driver/Src/stm32f1xx_hal_rcc_ex.o
LOAD Drivers/STM32F1xx_HAL_Driver/Src/stm32f1xx_hal_tim.o
LOAD Drivers/STM32F1xx_HAL_Driver/Src/stm32f1xx_hal_tim_ex.o
LOAD Middlewares/IoHw_ds18b20/dwt_stm32_delay.o
LOAD Middlewares/IoHw_ds18b20/tm_stm32_delay.o
LOAD Middlewares/IoHw_ds18b20/tm_stm32_ds18b20.o
LOAD Middlewares/IoHw_ds18b20/tm_stm32_onewire.o
LOAD Middlewares/Third_Party/FreeRTOS/Source/CMSIS_RTOS/cmsis_os.o
LOAD Middlewares/Third_Party/FreeRTOS/Source/croutine.o
LOAD Middlewares/Third_Party/FreeRTOS/Source/event_groups.o
LOAD Middlewares/Third_Party/FreeRTOS/Source/list.o
LOAD Middlewares/Third_Party/FreeRTOS/Source/queue.o
LOAD Middlewares/Third_Party/FreeRTOS/Source/tasks.o
LOAD Middlewares/Third_Party/FreeRTOS/Source/timers.o
LOAD Middlewares/Third_Party/FreeRTOS/Source/portable/GCC/ARM_CM3/port.o
LOAD Src/freertos.o
LOAD Src/main.o
LOAD Src/stm32f1xx_hal_msp.o
LOAD Src/stm32f1xx_hal_timebase_tim.o
LOAD Src/stm32f1xx_it.o
LOAD Src/syscalls.o
LOAD Src/sysmem.o
LOAD Src/system_stm32f1xx.o
LOAD Startup/startup_stm32f103c8tx.o
START GROUP
LOAD c:/st/stm32cubeide_1.0.1/stm32cubeide/plugins/com.st.stm32cube.ide.mcu.externaltools.gnu-arm-embedded.7-2018-q2-update.win32_1.0.0.201904081647/tools/bin/../lib/gcc/arm-none-eabi/7.3.1/../../../../arm-none-eabi/lib/thumb/v7-m\libc.a
LOAD c:/st/stm32cubeide_1.0.1/stm32cubeide/plugins/com.st.stm32cube.ide.mcu.externaltools.gnu-arm-embedded.7-2018-q2-update.win32_1.0.0.201904081647/tools/bin/../lib/gcc/arm-none-eabi/7.3.1/../../../../arm-none-eabi/lib/thumb/v7-m\libm.a
END GROUP
START GROUP
LOAD c:/st/stm32cubeide_1.0.1/stm32cubeide/plugins/com.st.stm32cube.ide.mcu.externaltools.gnu-arm-embedded.7-2018-q2-update.win32_1.0.0.201904081647/tools/bin/../lib/gcc/arm-none-eabi/7.3.1/thumb/v7-m\libgcc.a
LOAD c:/st/stm32cubeide_1.0.1/stm32cubeide/plugins/com.st.stm32cube.ide.mcu.externaltools.gnu-arm-embedded.7-2018-q2-update.win32_1.0.0.201904081647/tools/bin/../lib/gcc/arm-none-eabi/7.3.1/../../../../arm-none-eabi/lib/thumb/v7-m\libc.a
END GROUP
START GROUP
LOAD c:/st/stm32cubeide_1.0.1/stm32cubeide/plugins/com.st.stm32cube.ide.mcu.externaltools.gnu-arm-embedded.7-2018-q2-update.win32_1.0.0.201904081647/tools/bin/../lib/gcc/arm-none-eabi/7.3.1/thumb/v7-m\libgcc.a
LOAD c:/st/stm32cubeide_1.0.1/stm32cubeide/plugins/com.st.stm32cube.ide.mcu.externaltools.gnu-arm-embedded.7-2018-q2-update.win32_1.0.0.201904081647/tools/bin/../lib/gcc/arm-none-eabi/7.3.1/../../../../arm-none-eabi/lib/thumb/v7-m\libc.a
LOAD c:/st/stm32cubeide_1.0.1/stm32cubeide/plugins/com.st.stm32cube.ide.mcu.externaltools.gnu-arm-embedded.7-2018-q2-update.win32_1.0.0.201904081647/tools/bin/../lib/gcc/arm-none-eabi/7.3.1/../../../../arm-none-eabi/lib/thumb/v7-m\libnosys.a
END GROUP
LOAD c:/st/stm32cubeide_1.0.1/stm32cubeide/plugins/com.st.stm32cube.ide.mcu.externaltools.gnu-arm-embedded.7-2018-q2-update.win32_1.0.0.201904081647/tools/bin/../lib/gcc/arm-none-eabi/7.3.1/thumb/v7-m/crtend.o
LOAD c:/st/stm32cubeide_1.0.1/stm32cubeide/plugins/com.st.stm32cube.ide.mcu.externaltools.gnu-arm-embedded.7-2018-q2-update.win32_1.0.0.201904081647/tools/bin/../lib/gcc/arm-none-eabi/7.3.1/thumb/v7-m/crtn.o
                0x20005000                _estack = 0x20005000
                0x00000200                _Min_Heap_Size = 0x200
                0x00000400                _Min_Stack_Size = 0x400

.isr_vector     0x08000000      0x10c
                0x08000000                . = ALIGN (0x4)
 *(.isr_vector)
 .isr_vector    0x08000000      0x10c Startup/startup_stm32f103c8tx.o
                0x08000000                g_pfnVectors
                0x0800010c                . = ALIGN (0x4)

.text           0x08000110     0x52e0
                0x08000110                . = ALIGN (0x4)
 *(.text)
 .text          0x08000110       0x40 c:/st/stm32cubeide_1.0.1/stm32cubeide/plugins/com.st.stm32cube.ide.mcu.externaltools.gnu-arm-embedded.7-2018-q2-update.win32_1.0.0.201904081647/tools/bin/../lib/gcc/arm-none-eabi/7.3.1/thumb/v7-m/crtbegin.o
 .text          0x08000150      0x21c c:/st/stm32cubeide_1.0.1/stm32cubeide/plugins/com.st.stm32cube.ide.mcu.externaltools.gnu-arm-embedded.7-2018-q2-update.win32_1.0.0.201904081647/tools/bin/../lib/gcc/arm-none-eabi/7.3.1/thumb/v7-m\libgcc.a(_arm_addsubsf3.o)
                0x08000150                __aeabi_frsub
                0x08000158                __subsf3
                0x08000158                __aeabi_fsub
                0x0800015c                __aeabi_fadd
                0x0800015c                __addsf3
                0x080002bc                __aeabi_ui2f
                0x080002bc                __floatunsisf
                0x080002c4                __aeabi_i2f
                0x080002c4                __floatsisf
                0x080002e0                __aeabi_ul2f
                0x080002e0                __floatundisf
                0x080002f0                __aeabi_l2f
                0x080002f0                __floatdisf
 .text          0x0800036c      0x2a0 c:/st/stm32cubeide_1.0.1/stm32cubeide/plugins/com.st.stm32cube.ide.mcu.externaltools.gnu-arm-embedded.7-2018-q2-update.win32_1.0.0.201904081647/tools/bin/../lib/gcc/arm-none-eabi/7.3.1/thumb/v7-m\libgcc.a(_arm_muldivsf3.o)
                0x0800036c                __mulsf3
                0x0800036c                __aeabi_fmul
                0x080004d4                __aeabi_fdiv
                0x080004d4                __divsf3
 *(.text*)
 .text.HAL_Init
                0x0800060c       0x2c Drivers/STM32F1xx_HAL_Driver/Src/stm32f1xx_hal.o
                0x0800060c                HAL_Init
 .text.HAL_ADC_Init
                0x08000638      0x1b0 Drivers/STM32F1xx_HAL_Driver/Src/stm32f1xx_hal_adc.o
                0x08000638                HAL_ADC_Init
 .text.HAL_ADC_IRQHandler
                0x080007e8      0x186 Drivers/STM32F1xx_HAL_Driver/Src/stm32f1xx_hal_adc.o
                0x080007e8                HAL_ADC_IRQHandler
 .text.HAL_ADC_ConvCpltCallback
                0x0800096e       0x12 Drivers/STM32F1xx_HAL_Driver/Src/stm32f1xx_hal_adc.o
                0x0800096e                HAL_ADC_ConvCpltCallback
 .text.HAL_ADC_LevelOutOfWindowCallback
                0x08000980       0x12 Drivers/STM32F1xx_HAL_Driver/Src/stm32f1xx_hal_adc.o
                0x08000980                HAL_ADC_LevelOutOfWindowCallback
 *fill*         0x08000992        0x2 
 .text.HAL_ADC_ConfigChannel
                0x08000994      0x1f0 Drivers/STM32F1xx_HAL_Driver/Src/stm32f1xx_hal_adc.o
                0x08000994                HAL_ADC_ConfigChannel
 .text.ADC_ConversionStop_Disable
                0x08000b84       0x74 Drivers/STM32F1xx_HAL_Driver/Src/stm32f1xx_hal_adc.o
                0x08000b84                ADC_ConversionStop_Disable
 .text.HAL_ADCEx_InjectedConvCpltCallback
                0x08000bf8       0x12 Drivers/STM32F1xx_HAL_Driver/Src/stm32f1xx_hal_adc_ex.o
                0x08000bf8                HAL_ADCEx_InjectedConvCpltCallback
 *fill*         0x08000c0a        0x2 
 .text.NVIC_SetPriorityGrouping
                0x08000c0c       0x48 Drivers/STM32F1xx_HAL_Driver/Src/stm32f1xx_hal_cortex.o
 .text.NVIC_GetPriorityGrouping
                0x08000c54       0x1c Drivers/STM32F1xx_HAL_Driver/Src/stm32f1xx_hal_cortex.o
 .text.NVIC_EnableIRQ
                0x08000c70       0x30 Drivers/STM32F1xx_HAL_Driver/Src/stm32f1xx_hal_cortex.o
 .text.NVIC_SetPriority
                0x08000ca0       0x54 Drivers/STM32F1xx_HAL_Driver/Src/stm32f1xx_hal_cortex.o
 .text.NVIC_EncodePriority
                0x08000cf4       0x64 Drivers/STM32F1xx_HAL_Driver/Src/stm32f1xx_hal_cortex.o
 .text.HAL_NVIC_SetPriorityGrouping
                0x08000d58       0x16 Drivers/STM32F1xx_HAL_Driver/Src/stm32f1xx_hal_cortex.o
                0x08000d58                HAL_NVIC_SetPriorityGrouping
 .text.HAL_NVIC_SetPriority
                0x08000d6e       0x38 Drivers/STM32F1xx_HAL_Driver/Src/stm32f1xx_hal_cortex.o
                0x08000d6e                HAL_NVIC_SetPriority
 .text.HAL_NVIC_EnableIRQ
                0x08000da6       0x1c Drivers/STM32F1xx_HAL_Driver/Src/stm32f1xx_hal_cortex.o
                0x08000da6                HAL_NVIC_EnableIRQ
 *fill*         0x08000dc2        0x2 
 .text.HAL_GPIO_Init
                0x08000dc4      0x2bc Drivers/STM32F1xx_HAL_Driver/Src/stm32f1xx_hal_gpio.o
                0x08000dc4                HAL_GPIO_Init
 .text.HAL_GPIO_ReadPin
                0x08001080       0x2e Drivers/STM32F1xx_HAL_Driver/Src/stm32f1xx_hal_gpio.o
                0x08001080                HAL_GPIO_ReadPin
 .text.HAL_GPIO_WritePin
                0x080010ae       0x30 Drivers/STM32F1xx_HAL_Driver/Src/stm32f1xx_hal_gpio.o
                0x080010ae                HAL_GPIO_WritePin
 *fill*         0x080010de        0x2 
 .text.HAL_I2C_Init
                0x080010e0      0x208 Drivers/STM32F1xx_HAL_Driver/Src/stm32f1xx_hal_i2c.o
                0x080010e0                HAL_I2C_Init
 .text.HAL_RCC_OscConfig
                0x080012e8      0x4c8 Drivers/STM32F1xx_HAL_Driver/Src/stm32f1xx_hal_rcc.o
                0x080012e8                HAL_RCC_OscConfig
 .text.HAL_RCC_ClockConfig
                0x080017b0      0x218 Drivers/STM32F1xx_HAL_Driver/Src/stm32f1xx_hal_rcc.o
                0x080017b0                HAL_RCC_ClockConfig
 .text.HAL_RCC_GetSysClockFreq
                0x080019c8       0xc4 Drivers/STM32F1xx_HAL_Driver/Src/stm32f1xx_hal_rcc.o
                0x080019c8                HAL_RCC_GetSysClockFreq
 .text.HAL_RCC_GetHCLKFreq
                0x08001a8c       0x14 Drivers/STM32F1xx_HAL_Driver/Src/stm32f1xx_hal_rcc.o
                0x08001a8c                HAL_RCC_GetHCLKFreq
 .text.HAL_RCC_GetPCLK1Freq
                0x08001aa0       0x28 Drivers/STM32F1xx_HAL_Driver/Src/stm32f1xx_hal_rcc.o
                0x08001aa0                HAL_RCC_GetPCLK1Freq
 .text.HAL_RCC_GetPCLK2Freq
                0x08001ac8       0x28 Drivers/STM32F1xx_HAL_Driver/Src/stm32f1xx_hal_rcc.o
                0x08001ac8                HAL_RCC_GetPCLK2Freq
 .text.HAL_RCC_GetClockConfig
                0x08001af0       0x60 Drivers/STM32F1xx_HAL_Driver/Src/stm32f1xx_hal_rcc.o
                0x08001af0                HAL_RCC_GetClockConfig
 .text.RCC_Delay
                0x08001b50       0x3c Drivers/STM32F1xx_HAL_Driver/Src/stm32f1xx_hal_rcc.o
 .text.HAL_RCCEx_PeriphCLKConfig
                0x08001b8c      0x16c Drivers/STM32F1xx_HAL_Driver/Src/stm32f1xx_hal_rcc_ex.o
                0x08001b8c                HAL_RCCEx_PeriphCLKConfig
 .text.HAL_TIM_Base_Init
                0x08001cf8       0x56 Drivers/STM32F1xx_HAL_Driver/Src/stm32f1xx_hal_tim.o
                0x08001cf8                HAL_TIM_Base_Init
 .text.HAL_TIM_Base_MspInit
                0x08001d4e       0x12 Drivers/STM32F1xx_HAL_Driver/Src/stm32f1xx_hal_tim.o
                0x08001d4e                HAL_TIM_Base_MspInit
 .text.HAL_TIM_Base_Start_IT
                0x08001d60       0x34 Drivers/STM32F1xx_HAL_Driver/Src/stm32f1xx_hal_tim.o
                0x08001d60                HAL_TIM_Base_Start_IT
 .text.HAL_TIM_PWM_Init
                0x08001d94       0x56 Drivers/STM32F1xx_HAL_Driver/Src/stm32f1xx_hal_tim.o
                0x08001d94                HAL_TIM_PWM_Init
 .text.HAL_TIM_IRQHandler
                0x08001dea      0x210 Drivers/STM32F1xx_HAL_Driver/Src/stm32f1xx_hal_tim.o
                0x08001dea                HAL_TIM_IRQHandler
 *fill*         0x08001ffa        0x2 
 .text.HAL_TIM_PWM_ConfigChannel
                0x08001ffc      0x18c Drivers/STM32F1xx_HAL_Driver/Src/stm32f1xx_hal_tim.o
                0x08001ffc                HAL_TIM_PWM_ConfigChannel
 .text.HAL_TIM_OC_DelayElapsedCallback
                0x08002188       0x12 Drivers/STM32F1xx_HAL_Driver/Src/stm32f1xx_hal_tim.o
                0x08002188                HAL_TIM_OC_DelayElapsedCallback
 .text.HAL_TIM_IC_CaptureCallback
                0x0800219a       0x12 Drivers/STM32F1xx_HAL_Driver/Src/stm32f1xx_hal_tim.o
                0x0800219a                HAL_TIM_IC_CaptureCallback
 .text.HAL_TIM_PWM_PulseFinishedCallback
                0x080021ac       0x12 Drivers/STM32F1xx_HAL_Driver/Src/stm32f1xx_hal_tim.o
                0x080021ac                HAL_TIM_PWM_PulseFinishedCallback
 .text.HAL_TIM_TriggerCallback
                0x080021be       0x12 Drivers/STM32F1xx_HAL_Driver/Src/stm32f1xx_hal_tim.o
                0x080021be                HAL_TIM_TriggerCallback
 .text.TIM_Base_SetConfig
                0x080021d0       0xcc Drivers/STM32F1xx_HAL_Driver/Src/stm32f1xx_hal_tim.o
                0x080021d0                TIM_Base_SetConfig
 .text.TIM_OC1_SetConfig
                0x0800229c       0xd8 Drivers/STM32F1xx_HAL_Driver/Src/stm32f1xx_hal_tim.o
 .text.TIM_OC2_SetConfig
                0x08002374       0xe0 Drivers/STM32F1xx_HAL_Driver/Src/stm32f1xx_hal_tim.o
                0x08002374                TIM_OC2_SetConfig
 .text.TIM_OC3_SetConfig
                0x08002454       0xe0 Drivers/STM32F1xx_HAL_Driver/Src/stm32f1xx_hal_tim.o
 .text.TIM_OC4_SetConfig
                0x08002534       0xa8 Drivers/STM32F1xx_HAL_Driver/Src/stm32f1xx_hal_tim.o
 .text.HAL_TIMEx_MasterConfigSynchronization
                0x080025dc       0x88 Drivers/STM32F1xx_HAL_Driver/Src/stm32f1xx_hal_tim_ex.o
                0x080025dc                HAL_TIMEx_MasterConfigSynchronization
 .text.HAL_TIMEx_CommutationCallback
                0x08002664       0x12 Drivers/STM32F1xx_HAL_Driver/Src/stm32f1xx_hal_tim_ex.o
                0x08002664                HAL_TIMEx_CommutationCallback
 .text.HAL_TIMEx_BreakCallback
                0x08002676       0x12 Drivers/STM32F1xx_HAL_Driver/Src/stm32f1xx_hal_tim_ex.o
                0x08002676                HAL_TIMEx_BreakCallback
 .text.TM_DELAY_Init
                0x08002688       0x60 Middlewares/IoHw_ds18b20/tm_stm32_delay.o
                0x08002688                TM_DELAY_Init
 .text.TM_DELAY_1msHandler
                0x080026e8        0xc Middlewares/IoHw_ds18b20/tm_stm32_delay.o
                0x080026e8                TM_DELAY_1msHandler
 .text.HAL_IncTick
                0x080026f4      0x10c Middlewares/IoHw_ds18b20/tm_stm32_delay.o
                0x080026f4                HAL_IncTick
 .text.HAL_GetTick
                0x08002800       0x14 Middlewares/IoHw_ds18b20/tm_stm32_delay.o
                0x08002800                HAL_GetTick
 .text.TM_DS18B20_StartAll
                0x08002814       0x26 Middlewares/IoHw_ds18b20/tm_stm32_ds18b20.o
                0x08002814                TM_DS18B20_StartAll
 *fill*         0x0800283a        0x2 
 .text.TM_DS18B20_Read
                0x0800283c      0x1d8 Middlewares/IoHw_ds18b20/tm_stm32_ds18b20.o
                0x0800283c                TM_DS18B20_Read
 .text.TM_DS18B20_SetResolution
                0x08002a14      0x110 Middlewares/IoHw_ds18b20/tm_stm32_ds18b20.o
                0x08002a14                TM_DS18B20_SetResolution
 .text.TM_DS18B20_Is
                0x08002b24       0x20 Middlewares/IoHw_ds18b20/tm_stm32_ds18b20.o
                0x08002b24                TM_DS18B20_Is
 .text.TM_DS18B20_AllDone
                0x08002b44       0x18 Middlewares/IoHw_ds18b20/tm_stm32_ds18b20.o
                0x08002b44                TM_DS18B20_AllDone
 .text.Delay    0x08002b5c       0x44 Middlewares/IoHw_ds18b20/tm_stm32_onewire.o
 .text.gpio_ds18b20_outputMode
                0x08002ba0       0x30 Middlewares/IoHw_ds18b20/tm_stm32_onewire.o
                0x08002ba0                gpio_ds18b20_outputMode
 .text.gpio_ds18b20_inputMode
                0x08002bd0       0x30 Middlewares/IoHw_ds18b20/tm_stm32_onewire.o
                0x08002bd0                gpio_ds18b20_inputMode
 .text.TM_OneWire_Init
                0x08002c00       0x2a Middlewares/IoHw_ds18b20/tm_stm32_onewire.o
                0x08002c00                TM_OneWire_Init
 *fill*         0x08002c2a        0x2 
 .text.TM_OneWire_Reset
                0x08002c2c       0x50 Middlewares/IoHw_ds18b20/tm_stm32_onewire.o
                0x08002c2c                TM_OneWire_Reset
 .text.TM_OneWire_WriteBit
                0x08002c7c       0x68 Middlewares/IoHw_ds18b20/tm_stm32_onewire.o
                0x08002c7c                TM_OneWire_WriteBit
 .text.TM_OneWire_ReadBit
                0x08002ce4       0x54 Middlewares/IoHw_ds18b20/tm_stm32_onewire.o
                0x08002ce4                TM_OneWire_ReadBit
 .text.TM_OneWire_WriteByte
                0x08002d38       0x3a Middlewares/IoHw_ds18b20/tm_stm32_onewire.o
                0x08002d38                TM_OneWire_WriteByte
 .text.TM_OneWire_ReadByte
                0x08002d72       0x42 Middlewares/IoHw_ds18b20/tm_stm32_onewire.o
                0x08002d72                TM_OneWire_ReadByte
 .text.TM_OneWire_First
                0x08002db4       0x20 Middlewares/IoHw_ds18b20/tm_stm32_onewire.o
                0x08002db4                TM_OneWire_First
 .text.TM_OneWire_ResetSearch
                0x08002dd4       0x24 Middlewares/IoHw_ds18b20/tm_stm32_onewire.o
                0x08002dd4                TM_OneWire_ResetSearch
 .text.TM_OneWire_Search
                0x08002df8      0x18c Middlewares/IoHw_ds18b20/tm_stm32_onewire.o
                0x08002df8                TM_OneWire_Search
 .text.TM_OneWire_SelectWithPointer
                0x08002f84       0x3c Middlewares/IoHw_ds18b20/tm_stm32_onewire.o
                0x08002f84                TM_OneWire_SelectWithPointer
 .text.TM_OneWire_GetFullROM
                0x08002fc0       0x36 Middlewares/IoHw_ds18b20/tm_stm32_onewire.o
                0x08002fc0                TM_OneWire_GetFullROM
 .text.TM_OneWire_CRC8
                0x08002ff6       0x6e Middlewares/IoHw_ds18b20/tm_stm32_onewire.o
                0x08002ff6                TM_OneWire_CRC8
 .text.makeFreeRtosPriority
                0x08003064       0x2e Middlewares/Third_Party/FreeRTOS/Source/CMSIS_RTOS/cmsis_os.o
 .text.osKernelStart
                0x08003092        0xe Middlewares/Third_Party/FreeRTOS/Source/CMSIS_RTOS/cmsis_os.o
                0x08003092                osKernelStart
 .text.osThreadCreate
                0x080030a0       0x4a Middlewares/Third_Party/FreeRTOS/Source/CMSIS_RTOS/cmsis_os.o
                0x080030a0                osThreadCreate
 .text.vListInitialise
                0x080030ea       0x3e Middlewares/Third_Party/FreeRTOS/Source/list.o
                0x080030ea                vListInitialise
 .text.vListInitialiseItem
                0x08003128       0x18 Middlewares/Third_Party/FreeRTOS/Source/list.o
                0x08003128                vListInitialiseItem
 .text.vListInsertEnd
                0x08003140       0x46 Middlewares/Third_Party/FreeRTOS/Source/list.o
                0x08003140                vListInsertEnd
 .text.vListInsert
                0x08003186       0x70 Middlewares/Third_Party/FreeRTOS/Source/list.o
                0x08003186                vListInsert
 .text.uxListRemove
                0x080031f6       0x52 Middlewares/Third_Party/FreeRTOS/Source/list.o
                0x080031f6                uxListRemove
 .text.xTaskCreateStatic
                0x08003248       0x8c Middlewares/Third_Party/FreeRTOS/Source/tasks.o
                0x08003248                xTaskCreateStatic
 .text.prvInitialiseNewTask
                0x080032d4       0xfc Middlewares/Third_Party/FreeRTOS/Source/tasks.o
 .text.prvAddNewTaskToReadyList
                0x080033d0       0xd4 Middlewares/Third_Party/FreeRTOS/Source/tasks.o
 .text.vTaskDelayUntil
                0x080034a4       0xf4 Middlewares/Third_Party/FreeRTOS/Source/tasks.o
                0x080034a4                vTaskDelayUntil
 .text.vTaskStartScheduler
                0x08003598       0xbc Middlewares/Third_Party/FreeRTOS/Source/tasks.o
                0x08003598                vTaskStartScheduler
 .text.vTaskSuspendAll
                0x08003654       0x1c Middlewares/Third_Party/FreeRTOS/Source/tasks.o
                0x08003654                vTaskSuspendAll
 .text.xTaskResumeAll
                0x08003670      0x138 Middlewares/Third_Party/FreeRTOS/Source/tasks.o
                0x08003670                xTaskResumeAll
 .text.xTaskGetTickCount
                0x080037a8       0x1c Middlewares/Third_Party/FreeRTOS/Source/tasks.o
                0x080037a8                xTaskGetTickCount
 .text.xTaskIncrementTick
                0x080037c4      0x178 Middlewares/Third_Party/FreeRTOS/Source/tasks.o
                0x080037c4                xTaskIncrementTick
 .text.vTaskSwitchContext
                0x0800393c       0xb4 Middlewares/Third_Party/FreeRTOS/Source/tasks.o
                0x0800393c                vTaskSwitchContext
 .text.prvIdleTask
                0x080039f0       0x30 Middlewares/Third_Party/FreeRTOS/Source/tasks.o
 .text.prvInitialiseTaskLists
                0x08003a20       0x80 Middlewares/Third_Party/FreeRTOS/Source/tasks.o
 .text.prvCheckTasksWaitingTermination
                0x08003aa0       0x78 Middlewares/Third_Party/FreeRTOS/Source/tasks.o
 .text.prvDeleteTCB
                0x08003b18       0x12 Middlewares/Third_Party/FreeRTOS/Source/tasks.o
 *fill*         0x08003b2a        0x2 
 .text.prvResetNextTaskUnblockTime
                0x08003b2c       0x48 Middlewares/Third_Party/FreeRTOS/Source/tasks.o
 .text.prvAddCurrentTaskToDelayedList
                0x08003b74       0xcc Middlewares/Third_Party/FreeRTOS/Source/tasks.o
 .text.pxPortInitialiseStack
                0x08003c40       0x58 Middlewares/Third_Party/FreeRTOS/Source/portable/GCC/ARM_CM3/port.o
                0x08003c40                pxPortInitialiseStack
 .text.prvTaskExitError
                0x08003c98       0x3c Middlewares/Third_Party/FreeRTOS/Source/portable/GCC/ARM_CM3/port.o
 *fill*         0x08003cd4        0xc 
 .text.SVC_Handler
                0x08003ce0       0x28 Middlewares/Third_Party/FreeRTOS/Source/portable/GCC/ARM_CM3/port.o
                0x08003ce0                SVC_Handler
 .text.prvPortStartFirstTask
                0x08003d08       0x20 Middlewares/Third_Party/FreeRTOS/Source/portable/GCC/ARM_CM3/port.o
 .text.xPortStartScheduler
                0x08003d28       0xbc Middlewares/Third_Party/FreeRTOS/Source/portable/GCC/ARM_CM3/port.o
                0x08003d28                xPortStartScheduler
 .text.vPortEnterCritical
                0x08003de4       0x5c Middlewares/Third_Party/FreeRTOS/Source/portable/GCC/ARM_CM3/port.o
                0x08003de4                vPortEnterCritical
 .text.vPortExitCritical
                0x08003e40       0x4c Middlewares/Third_Party/FreeRTOS/Source/portable/GCC/ARM_CM3/port.o
                0x08003e40                vPortExitCritical
 *fill*         0x08003e8c        0x4 
 .text.PendSV_Handler
                0x08003e90       0x48 Middlewares/Third_Party/FreeRTOS/Source/portable/GCC/ARM_CM3/port.o
                0x08003e90                PendSV_Handler
 .text.SysTick_Handler
                0x08003ed8       0x40 Middlewares/Third_Party/FreeRTOS/Source/portable/GCC/ARM_CM3/port.o
                0x08003ed8                SysTick_Handler
 .text.vPortSetupTimerInterrupt
                0x08003f18       0x34 Middlewares/Third_Party/FreeRTOS/Source/portable/GCC/ARM_CM3/port.o
                0x08003f18                vPortSetupTimerInterrupt
 .text.vApplicationGetIdleTaskMemory
                0x08003f4c       0x30 Src/freertos.o
                0x08003f4c                vApplicationGetIdleTaskMemory
 .text.main     0x08003f7c      0x140 Src/main.o
                0x08003f7c                main
 .text.SystemClock_Config
                0x080040bc       0xb6 Src/main.o
                0x080040bc                SystemClock_Config
 *fill*         0x08004172        0x2 
 .text.MX_ADC1_Init
                0x08004174       0x7c Src/main.o
 .text.MX_I2C1_Init
                0x080041f0       0x5c Src/main.o
 .text.MX_TIM2_Init
                0x0800424c       0xc4 Src/main.o
 .text.MX_GPIO_Init
                0x08004310      0x10c Src/main.o
 .text.StartIdleTask
                0x0800441c        0xa Src/main.o
                0x0800441c                StartIdleTask
 .text.StartTask2ms
                0x08004426       0x22 Src/main.o
                0x08004426                StartTask2ms
 .text.StartTask5ms
                0x08004448       0x22 Src/main.o
                0x08004448                StartTask5ms
 *fill*         0x0800446a        0x2 
 .text.StartTask10ms
                0x0800446c       0x7c Src/main.o
                0x0800446c                StartTask10ms
 .text.HAL_TIM_PeriodElapsedCallback
                0x080044e8       0x24 Src/main.o
                0x080044e8                HAL_TIM_PeriodElapsedCallback
 .text.Error_Handler
                0x0800450c        0xc Src/main.o
                0x0800450c                Error_Handler
 .text.HAL_MspInit
                0x08004518       0x70 Src/stm32f1xx_hal_msp.o
                0x08004518                HAL_MspInit
 .text.HAL_ADC_MspInit
                0x08004588       0x88 Src/stm32f1xx_hal_msp.o
                0x08004588                HAL_ADC_MspInit
 .text.HAL_I2C_MspInit
                0x08004610       0xa0 Src/stm32f1xx_hal_msp.o
                0x08004610                HAL_I2C_MspInit
 .text.HAL_TIM_PWM_MspInit
                0x080046b0       0x48 Src/stm32f1xx_hal_msp.o
                0x080046b0                HAL_TIM_PWM_MspInit
 .text.HAL_TIM_MspPostInit
                0x080046f8       0xc0 Src/stm32f1xx_hal_msp.o
                0x080046f8                HAL_TIM_MspPostInit
 .text.HAL_InitTick
                0x080047b8       0xac Src/stm32f1xx_hal_timebase_tim.o
                0x080047b8                HAL_InitTick
 .text.NMI_Handler
                0x08004864        0xc Src/stm32f1xx_it.o
                0x08004864                NMI_Handler
 .text.HardFault_Handler
                0x08004870        0x6 Src/stm32f1xx_it.o
                0x08004870                HardFault_Handler
 .text.MemManage_Handler
                0x08004876        0x6 Src/stm32f1xx_it.o
                0x08004876                MemManage_Handler
 .text.BusFault_Handler
                0x0800487c        0x6 Src/stm32f1xx_it.o
                0x0800487c                BusFault_Handler
 .text.UsageFault_Handler
                0x08004882        0x6 Src/stm32f1xx_it.o
                0x08004882                UsageFault_Handler
 .text.DebugMon_Handler
                0x08004888        0xc Src/stm32f1xx_it.o
                0x08004888                DebugMon_Handler
 .text.ADC1_2_IRQHandler
                0x08004894       0x14 Src/stm32f1xx_it.o
                0x08004894                ADC1_2_IRQHandler
 .text.TIM1_UP_IRQHandler
                0x080048a8       0x14 Src/stm32f1xx_it.o
                0x080048a8                TIM1_UP_IRQHandler
 .text.TIM2_IRQHandler
                0x080048bc       0x14 Src/stm32f1xx_it.o
                0x080048bc                TIM2_IRQHandler
 .text._sbrk    0x080048d0       0x58 Src/sysmem.o
                0x080048d0                _sbrk
 .text.SystemInit
                0x08004928       0x68 Src/system_stm32f1xx.o
                0x08004928                SystemInit
 .text.Reset_Handler
                0x08004990       0x48 Startup/startup_stm32f103c8tx.o
                0x08004990                Reset_Handler
 .text.Default_Handler
                0x080049d8        0x2 Startup/startup_stm32f103c8tx.o
                0x080049d8                RTC_Alarm_IRQHandler
                0x080049d8                EXTI2_IRQHandler
                0x080049d8                TIM1_CC_IRQHandler
                0x080049d8                PVD_IRQHandler
                0x080049d8                EXTI3_IRQHandler
                0x080049d8                EXTI0_IRQHandler
                0x080049d8                I2C2_EV_IRQHandler
                0x080049d8                SPI1_IRQHandler
                0x080049d8                TAMPER_IRQHandler
                0x080049d8                DMA1_Channel4_IRQHandler
                0x080049d8                USART3_IRQHandler
                0x080049d8                RTC_IRQHandler
                0x080049d8                DMA1_Channel7_IRQHandler
                0x080049d8                CAN1_RX1_IRQHandler
                0x080049d8                TIM4_IRQHandler
                0x080049d8                I2C1_EV_IRQHandler
                0x080049d8                DMA1_Channel6_IRQHandler
                0x080049d8                TIM3_IRQHandler
                0x080049d8                RCC_IRQHandler
                0x080049d8                TIM1_TRG_COM_IRQHandler
                0x080049d8                DMA1_Channel1_IRQHandler
                0x080049d8                Default_Handler
                0x080049d8                EXTI15_10_IRQHandler
                0x080049d8                EXTI9_5_IRQHandler
                0x080049d8                SPI2_IRQHandler
                0x080049d8                DMA1_Channel5_IRQHandler
                0x080049d8                EXTI4_IRQHandler
                0x080049d8                USB_LP_CAN1_RX0_IRQHandler
                0x080049d8                USB_HP_CAN1_TX_IRQHandler
                0x080049d8                DMA1_Channel3_IRQHandler
                0x080049d8                WWDG_IRQHandler
                0x080049d8                TIM1_BRK_IRQHandler
                0x080049d8                EXTI1_IRQHandler
                0x080049d8                USART2_IRQHandler
                0x080049d8                I2C2_ER_IRQHandler
                0x080049d8                DMA1_Channel2_IRQHandler
                0x080049d8                CAN1_SCE_IRQHandler
                0x080049d8                FLASH_IRQHandler
                0x080049d8                USART1_IRQHandler
                0x080049d8                I2C1_ER_IRQHandler
                0x080049d8                USBWakeUp_IRQHandler
 *fill*         0x080049da        0x2 
 .text.__errno  0x080049dc        0xc c:/st/stm32cubeide_1.0.1/stm32cubeide/plugins/com.st.stm32cube.ide.mcu.externaltools.gnu-arm-embedded.7-2018-q2-update.win32_1.0.0.201904081647/tools/bin/../lib/gcc/arm-none-eabi/7.3.1/../../../../arm-none-eabi/lib/thumb/v7-m\libc.a(lib_a-errno.o)
                0x080049dc                __errno
 .text.__libc_init_array
                0x080049e8       0x48 c:/st/stm32cubeide_1.0.1/stm32cubeide/plugins/com.st.stm32cube.ide.mcu.externaltools.gnu-arm-embedded.7-2018-q2-update.win32_1.0.0.201904081647/tools/bin/../lib/gcc/arm-none-eabi/7.3.1/../../../../arm-none-eabi/lib/thumb/v7-m\libc.a(lib_a-init.o)
                0x080049e8                __libc_init_array
 .text.malloc   0x08004a30       0x10 c:/st/stm32cubeide_1.0.1/stm32cubeide/plugins/com.st.stm32cube.ide.mcu.externaltools.gnu-arm-embedded.7-2018-q2-update.win32_1.0.0.201904081647/tools/bin/../lib/gcc/arm-none-eabi/7.3.1/../../../../arm-none-eabi/lib/thumb/v7-m\libc.a(lib_a-malloc.o)
                0x08004a30                malloc
 .text._malloc_r
                0x08004a40      0x524 c:/st/stm32cubeide_1.0.1/stm32cubeide/plugins/com.st.stm32cube.ide.mcu.externaltools.gnu-arm-embedded.7-2018-q2-update.win32_1.0.0.201904081647/tools/bin/../lib/gcc/arm-none-eabi/7.3.1/../../../../arm-none-eabi/lib/thumb/v7-m\libc.a(lib_a-mallocr.o)
                0x08004a40                _malloc_r
 .text.memset   0x08004f64       0x94 c:/st/stm32cubeide_1.0.1/stm32cubeide/plugins/com.st.stm32cube.ide.mcu.externaltools.gnu-arm-embedded.7-2018-q2-update.win32_1.0.0.201904081647/tools/bin/../lib/gcc/arm-none-eabi/7.3.1/../../../../arm-none-eabi/lib/thumb/v7-m\libc.a(lib_a-memset.o)
                0x08004f64                memset
 .text.__malloc_lock
                0x08004ff8        0xc c:/st/stm32cubeide_1.0.1/stm32cubeide/plugins/com.st.stm32cube.ide.mcu.externaltools.gnu-arm-embedded.7-2018-q2-update.win32_1.0.0.201904081647/tools/bin/../lib/gcc/arm-none-eabi/7.3.1/../../../../arm-none-eabi/lib/thumb/v7-m\libc.a(lib_a-mlock.o)
                0x08004ff8                __malloc_lock
 .text.__malloc_unlock
                0x08005004        0xc c:/st/stm32cubeide_1.0.1/stm32cubeide/plugins/com.st.stm32cube.ide.mcu.externaltools.gnu-arm-embedded.7-2018-q2-update.win32_1.0.0.201904081647/tools/bin/../lib/gcc/arm-none-eabi/7.3.1/../../../../arm-none-eabi/lib/thumb/v7-m\libc.a(lib_a-mlock.o)
                0x08005004                __malloc_unlock
 .text._sbrk_r  0x08005010       0x24 c:/st/stm32cubeide_1.0.1/stm32cubeide/plugins/com.st.stm32cube.ide.mcu.externaltools.gnu-arm-embedded.7-2018-q2-update.win32_1.0.0.201904081647/tools/bin/../lib/gcc/arm-none-eabi/7.3.1/../../../../arm-none-eabi/lib/thumb/v7-m\libc.a(lib_a-sbrkr.o)
                0x08005010                _sbrk_r
 .text.startup.register_fini
                0x08005034       0x14 c:/st/stm32cubeide_1.0.1/stm32cubeide/plugins/com.st.stm32cube.ide.mcu.externaltools.gnu-arm-embedded.7-2018-q2-update.win32_1.0.0.201904081647/tools/bin/../lib/gcc/arm-none-eabi/7.3.1/../../../../arm-none-eabi/lib/thumb/v7-m\libc.a(lib_a-__call_atexit.o)
 .text.atexit   0x08005048        0xc c:/st/stm32cubeide_1.0.1/stm32cubeide/plugins/com.st.stm32cube.ide.mcu.externaltools.gnu-arm-embedded.7-2018-q2-update.win32_1.0.0.201904081647/tools/bin/../lib/gcc/arm-none-eabi/7.3.1/../../../../arm-none-eabi/lib/thumb/v7-m\libc.a(lib_a-atexit.o)
                0x08005048                atexit
 .text.__libc_fini_array
                0x08005054       0x34 c:/st/stm32cubeide_1.0.1/stm32cubeide/plugins/com.st.stm32cube.ide.mcu.externaltools.gnu-arm-embedded.7-2018-q2-update.win32_1.0.0.201904081647/tools/bin/../lib/gcc/arm-none-eabi/7.3.1/../../../../arm-none-eabi/lib/thumb/v7-m\libc.a(lib_a-fini.o)
                0x08005054                __libc_fini_array
 .text._malloc_trim_r
                0x08005088       0xa0 c:/st/stm32cubeide_1.0.1/stm32cubeide/plugins/com.st.stm32cube.ide.mcu.externaltools.gnu-arm-embedded.7-2018-q2-update.win32_1.0.0.201904081647/tools/bin/../lib/gcc/arm-none-eabi/7.3.1/../../../../arm-none-eabi/lib/thumb/v7-m\libc.a(lib_a-freer.o)
                0x08005088                _malloc_trim_r
 .text._free_r  0x08005128      0x1e8 c:/st/stm32cubeide_1.0.1/stm32cubeide/plugins/com.st.stm32cube.ide.mcu.externaltools.gnu-arm-embedded.7-2018-q2-update.win32_1.0.0.201904081647/tools/bin/../lib/gcc/arm-none-eabi/7.3.1/../../../../arm-none-eabi/lib/thumb/v7-m\libc.a(lib_a-freer.o)
                0x08005128                _free_r
 .text.__retarget_lock_acquire_recursive
                0x08005310        0x4 c:/st/stm32cubeide_1.0.1/stm32cubeide/plugins/com.st.stm32cube.ide.mcu.externaltools.gnu-arm-embedded.7-2018-q2-update.win32_1.0.0.201904081647/tools/bin/../lib/gcc/arm-none-eabi/7.3.1/../../../../arm-none-eabi/lib/thumb/v7-m\libc.a(lib_a-lock.o)
                0x08005310                __retarget_lock_acquire_recursive
 .text.__retarget_lock_release_recursive
                0x08005314        0x4 c:/st/stm32cubeide_1.0.1/stm32cubeide/plugins/com.st.stm32cube.ide.mcu.externaltools.gnu-arm-embedded.7-2018-q2-update.win32_1.0.0.201904081647/tools/bin/../lib/gcc/arm-none-eabi/7.3.1/../../../../arm-none-eabi/lib/thumb/v7-m\libc.a(lib_a-lock.o)
                0x08005314                __retarget_lock_release_recursive
 .text.__register_exitproc
                0x08005318       0xc0 c:/st/stm32cubeide_1.0.1/stm32cubeide/plugins/com.st.stm32cube.ide.mcu.externaltools.gnu-arm-embedded.7-2018-q2-update.win32_1.0.0.201904081647/tools/bin/../lib/gcc/arm-none-eabi/7.3.1/../../../../arm-none-eabi/lib/thumb/v7-m\libc.a(lib_a-__atexit.o)
                0x08005318                __register_exitproc
 *(.glue_7)
 .glue_7        0x080053d8        0x0 linker stubs
 *(.glue_7t)
 .glue_7t       0x080053d8        0x0 linker stubs
 *(.eh_frame)
 .eh_frame      0x080053d8        0x0 c:/st/stm32cubeide_1.0.1/stm32cubeide/plugins/com.st.stm32cube.ide.mcu.externaltools.gnu-arm-embedded.7-2018-q2-update.win32_1.0.0.201904081647/tools/bin/../lib/gcc/arm-none-eabi/7.3.1/thumb/v7-m/crtbegin.o
 *(.init)
 .init          0x080053d8        0x4 c:/st/stm32cubeide_1.0.1/stm32cubeide/plugins/com.st.stm32cube.ide.mcu.externaltools.gnu-arm-embedded.7-2018-q2-update.win32_1.0.0.201904081647/tools/bin/../lib/gcc/arm-none-eabi/7.3.1/thumb/v7-m/crti.o
                0x080053d8                _init
 .init          0x080053dc        0x8 c:/st/stm32cubeide_1.0.1/stm32cubeide/plugins/com.st.stm32cube.ide.mcu.externaltools.gnu-arm-embedded.7-2018-q2-update.win32_1.0.0.201904081647/tools/bin/../lib/gcc/arm-none-eabi/7.3.1/thumb/v7-m/crtn.o
 *(.fini)
 .fini          0x080053e4        0x4 c:/st/stm32cubeide_1.0.1/stm32cubeide/plugins/com.st.stm32cube.ide.mcu.externaltools.gnu-arm-embedded.7-2018-q2-update.win32_1.0.0.201904081647/tools/bin/../lib/gcc/arm-none-eabi/7.3.1/thumb/v7-m/crti.o
                0x080053e4                _fini
 .fini          0x080053e8        0x8 c:/st/stm32cubeide_1.0.1/stm32cubeide/plugins/com.st.stm32cube.ide.mcu.externaltools.gnu-arm-embedded.7-2018-q2-update.win32_1.0.0.201904081647/tools/bin/../lib/gcc/arm-none-eabi/7.3.1/thumb/v7-m/crtn.o
                0x080053f0                . = ALIGN (0x4)
                0x080053f0                _etext = .

.vfp11_veneer   0x080053f0        0x0
 .vfp11_veneer  0x080053f0        0x0 linker stubs

.v4_bx          0x080053f0        0x0
 .v4_bx         0x080053f0        0x0 linker stubs

.iplt           0x080053f0        0x0
 .iplt          0x080053f0        0x0 c:/st/stm32cubeide_1.0.1/stm32cubeide/plugins/com.st.stm32cube.ide.mcu.externaltools.gnu-arm-embedded.7-2018-q2-update.win32_1.0.0.201904081647/tools/bin/../lib/gcc/arm-none-eabi/7.3.1/thumb/v7-m/crtbegin.o

.rodata         0x080053f0       0xd8
                0x080053f0                . = ALIGN (0x4)
 *(.rodata)
 .rodata        0x080053f0       0x12 Drivers/STM32F1xx_HAL_Driver/Src/stm32f1xx_hal_rcc.o
 *fill*         0x08005402        0x2 
 .rodata        0x08005404        0x5 Middlewares/Third_Party/FreeRTOS/Source/tasks.o
 *fill*         0x08005409        0x3 
 .rodata        0x0800540c       0xa0 Src/main.o
 *(.rodata*)
 .rodata.AHBPrescTable
                0x080054ac       0x10 Src/system_stm32f1xx.o
                0x080054ac                AHBPrescTable
 .rodata.APBPrescTable
                0x080054bc        0x8 Src/system_stm32f1xx.o
                0x080054bc                APBPrescTable
 .rodata._global_impure_ptr
                0x080054c4        0x4 c:/st/stm32cubeide_1.0.1/stm32cubeide/plugins/com.st.stm32cube.ide.mcu.externaltools.gnu-arm-embedded.7-2018-q2-update.win32_1.0.0.201904081647/tools/bin/../lib/gcc/arm-none-eabi/7.3.1/../../../../arm-none-eabi/lib/thumb/v7-m\libc.a(lib_a-impure.o)
                0x080054c4                _global_impure_ptr
                0x080054c8                . = ALIGN (0x4)

.rel.dyn        0x080054c8        0x0
 .rel.iplt      0x080054c8        0x0 c:/st/stm32cubeide_1.0.1/stm32cubeide/plugins/com.st.stm32cube.ide.mcu.externaltools.gnu-arm-embedded.7-2018-q2-update.win32_1.0.0.201904081647/tools/bin/../lib/gcc/arm-none-eabi/7.3.1/thumb/v7-m/crtbegin.o

.ARM.extab      0x080054c8        0x0
                0x080054c8                . = ALIGN (0x4)
 *(.ARM.extab* .gnu.linkonce.armextab.*)
                0x080054c8                . = ALIGN (0x4)

.ARM            0x080054c8        0x0
                0x080054c8                . = ALIGN (0x4)
                0x080054c8                __exidx_start = .
 *(.ARM.exidx*)
                0x080054c8                __exidx_end = .
                0x080054c8                . = ALIGN (0x4)

.preinit_array  0x080054c8        0x0
                0x080054c8                . = ALIGN (0x4)
                0x080054c8                PROVIDE (__preinit_array_start = .)
 *(.preinit_array*)
                0x080054c8                PROVIDE (__preinit_array_end = .)
                0x080054c8                . = ALIGN (0x4)

.init_array     0x080054c8        0x8
                0x080054c8                . = ALIGN (0x4)
                0x080054c8                PROVIDE (__init_array_start = .)
 *(SORT_BY_NAME(.init_array.*))
 .init_array.00000
                0x080054c8        0x4 c:/st/stm32cubeide_1.0.1/stm32cubeide/plugins/com.st.stm32cube.ide.mcu.externaltools.gnu-arm-embedded.7-2018-q2-update.win32_1.0.0.201904081647/tools/bin/../lib/gcc/arm-none-eabi/7.3.1/../../../../arm-none-eabi/lib/thumb/v7-m\libc.a(lib_a-__call_atexit.o)
 *(.init_array*)
 .init_array    0x080054cc        0x4 c:/st/stm32cubeide_1.0.1/stm32cubeide/plugins/com.st.stm32cube.ide.mcu.externaltools.gnu-arm-embedded.7-2018-q2-update.win32_1.0.0.201904081647/tools/bin/../lib/gcc/arm-none-eabi/7.3.1/thumb/v7-m/crtbegin.o
                0x080054d0                PROVIDE (__init_array_end = .)
                0x080054d0                . = ALIGN (0x4)

.fini_array     0x080054d0        0x4
                0x080054d0                . = ALIGN (0x4)
                0x080054d0                PROVIDE (__fini_array_start = .)
 *(SORT_BY_NAME(.fini_array.*))
 *(.fini_array*)
 .fini_array    0x080054d0        0x4 c:/st/stm32cubeide_1.0.1/stm32cubeide/plugins/com.st.stm32cube.ide.mcu.externaltools.gnu-arm-embedded.7-2018-q2-update.win32_1.0.0.201904081647/tools/bin/../lib/gcc/arm-none-eabi/7.3.1/thumb/v7-m/crtbegin.o
                0x080054d4                PROVIDE (__fini_array_end = .)
                0x080054d4                . = ALIGN (0x4)
                0x080054d4                _sidata = LOADADDR (.data)

.data           0x20000000      0x84c load address 0x080054d4
                0x20000000                . = ALIGN (0x4)
                0x20000000                _sdata = .
 *(.data)
 *(.data*)
 .data.uxCriticalNesting
                0x20000000        0x4 Middlewares/Third_Party/FreeRTOS/Source/portable/GCC/ARM_CM3/port.o
 .data.SystemCoreClock
                0x20000004        0x4 Src/system_stm32f1xx.o
                0x20000004                SystemCoreClock
 .data._impure_ptr
                0x20000008        0x4 c:/st/stm32cubeide_1.0.1/stm32cubeide/plugins/com.st.stm32cube.ide.mcu.externaltools.gnu-arm-embedded.7-2018-q2-update.win32_1.0.0.201904081647/tools/bin/../lib/gcc/arm-none-eabi/7.3.1/../../../../arm-none-eabi/lib/thumb/v7-m\libc.a(lib_a-impure.o)
                0x20000008                _impure_ptr
 *fill*         0x2000000c        0x4 
 .data.impure_data
                0x20000010      0x428 c:/st/stm32cubeide_1.0.1/stm32cubeide/plugins/com.st.stm32cube.ide.mcu.externaltools.gnu-arm-embedded.7-2018-q2-update.win32_1.0.0.201904081647/tools/bin/../lib/gcc/arm-none-eabi/7.3.1/../../../../arm-none-eabi/lib/thumb/v7-m\libc.a(lib_a-impure.o)
 .data.__malloc_av_
                0x20000438      0x408 c:/st/stm32cubeide_1.0.1/stm32cubeide/plugins/com.st.stm32cube.ide.mcu.externaltools.gnu-arm-embedded.7-2018-q2-update.win32_1.0.0.201904081647/tools/bin/../lib/gcc/arm-none-eabi/7.3.1/../../../../arm-none-eabi/lib/thumb/v7-m\libc.a(lib_a-mallocr.o)
                0x20000438                __malloc_av_
 .data.__malloc_sbrk_base
                0x20000840        0x4 c:/st/stm32cubeide_1.0.1/stm32cubeide/plugins/com.st.stm32cube.ide.mcu.externaltools.gnu-arm-embedded.7-2018-q2-update.win32_1.0.0.201904081647/tools/bin/../lib/gcc/arm-none-eabi/7.3.1/../../../../arm-none-eabi/lib/thumb/v7-m\libc.a(lib_a-mallocr.o)
                0x20000840                __malloc_sbrk_base
 .data.__malloc_trim_threshold
                0x20000844        0x4 c:/st/stm32cubeide_1.0.1/stm32cubeide/plugins/com.st.stm32cube.ide.mcu.externaltools.gnu-arm-embedded.7-2018-q2-update.win32_1.0.0.201904081647/tools/bin/../lib/gcc/arm-none-eabi/7.3.1/../../../../arm-none-eabi/lib/thumb/v7-m\libc.a(lib_a-mallocr.o)
                0x20000844                __malloc_trim_threshold
 .data.__atexit_recursive_mutex
                0x20000848        0x4 c:/st/stm32cubeide_1.0.1/stm32cubeide/plugins/com.st.stm32cube.ide.mcu.externaltools.gnu-arm-embedded.7-2018-q2-update.win32_1.0.0.201904081647/tools/bin/../lib/gcc/arm-none-eabi/7.3.1/../../../../arm-none-eabi/lib/thumb/v7-m\libc.a(lib_a-__call_atexit.o)
                0x20000848                __atexit_recursive_mutex
                0x2000084c                . = ALIGN (0x4)
                0x2000084c                _edata = .

.igot.plt       0x2000084c        0x0 load address 0x08005d20
 .igot.plt      0x2000084c        0x0 c:/st/stm32cubeide_1.0.1/stm32cubeide/plugins/com.st.stm32cube.ide.mcu.externaltools.gnu-arm-embedded.7-2018-q2-update.win32_1.0.0.201904081647/tools/bin/../lib/gcc/arm-none-eabi/7.3.1/thumb/v7-m/crtbegin.o
                0x2000084c                . = ALIGN (0x4)

.bss            0x2000084c      0xea8 load address 0x08005d20
                0x2000084c                _sbss = .
                0x2000084c                __bss_start__ = _sbss
 *(.bss)
 .bss           0x2000084c       0x1c c:/st/stm32cubeide_1.0.1/stm32cubeide/plugins/com.st.stm32cube.ide.mcu.externaltools.gnu-arm-embedded.7-2018-q2-update.win32_1.0.0.201904081647/tools/bin/../lib/gcc/arm-none-eabi/7.3.1/thumb/v7-m/crtbegin.o
 *(.bss*)
 .bss.TM_Time2  0x20000868        0x4 Middlewares/IoHw_ds18b20/tm_stm32_delay.o
                0x20000868                TM_Time2
 .bss.TM_Time   0x2000086c        0x4 Middlewares/IoHw_ds18b20/tm_stm32_delay.o
                0x2000086c                TM_Time
 .bss.CustomTimers
                0x20000870       0x18 Middlewares/IoHw_ds18b20/tm_stm32_delay.o
 .bss.pxCurrentTCB
                0x20000888        0x4 Middlewares/Third_Party/FreeRTOS/Source/tasks.o
                0x20000888                pxCurrentTCB
 .bss.pxReadyTasksLists
                0x2000088c       0x8c Middlewares/Third_Party/FreeRTOS/Source/tasks.o
 .bss.xDelayedTaskList1
                0x20000918       0x14 Middlewares/Third_Party/FreeRTOS/Source/tasks.o
 .bss.xDelayedTaskList2
                0x2000092c       0x14 Middlewares/Third_Party/FreeRTOS/Source/tasks.o
 .bss.pxDelayedTaskList
                0x20000940        0x4 Middlewares/Third_Party/FreeRTOS/Source/tasks.o
 .bss.pxOverflowDelayedTaskList
                0x20000944        0x4 Middlewares/Third_Party/FreeRTOS/Source/tasks.o
 .bss.xPendingReadyList
                0x20000948       0x14 Middlewares/Third_Party/FreeRTOS/Source/tasks.o
 .bss.xTasksWaitingTermination
                0x2000095c       0x14 Middlewares/Third_Party/FreeRTOS/Source/tasks.o
 .bss.uxDeletedTasksWaitingCleanUp
                0x20000970        0x4 Middlewares/Third_Party/FreeRTOS/Source/tasks.o
 .bss.xSuspendedTaskList
                0x20000974       0x14 Middlewares/Third_Party/FreeRTOS/Source/tasks.o
 .bss.uxCurrentNumberOfTasks
                0x20000988        0x4 Middlewares/Third_Party/FreeRTOS/Source/tasks.o
 .bss.xTickCount
                0x2000098c        0x4 Middlewares/Third_Party/FreeRTOS/Source/tasks.o
 .bss.uxTopReadyPriority
                0x20000990        0x4 Middlewares/Third_Party/FreeRTOS/Source/tasks.o
 .bss.xSchedulerRunning
                0x20000994        0x4 Middlewares/Third_Party/FreeRTOS/Source/tasks.o
 .bss.uxPendedTicks
                0x20000998        0x4 Middlewares/Third_Party/FreeRTOS/Source/tasks.o
 .bss.xYieldPending
                0x2000099c        0x4 Middlewares/Third_Party/FreeRTOS/Source/tasks.o
 .bss.xNumOfOverflows
                0x200009a0        0x4 Middlewares/Third_Party/FreeRTOS/Source/tasks.o
 .bss.uxTaskNumber
                0x200009a4        0x4 Middlewares/Third_Party/FreeRTOS/Source/tasks.o
 .bss.xNextTaskUnblockTime
                0x200009a8        0x4 Middlewares/Third_Party/FreeRTOS/Source/tasks.o
 .bss.xIdleTaskHandle
                0x200009ac        0x4 Middlewares/Third_Party/FreeRTOS/Source/tasks.o
 .bss.uxSchedulerSuspended
                0x200009b0        0x4 Middlewares/Third_Party/FreeRTOS/Source/tasks.o
 .bss.ucMaxSysCallPriority
                0x200009b4        0x1 Middlewares/Third_Party/FreeRTOS/Source/portable/GCC/ARM_CM3/port.o
 *fill*         0x200009b5        0x3 
 .bss.ulMaxPRIGROUPValue
                0x200009b8        0x4 Middlewares/Third_Party/FreeRTOS/Source/portable/GCC/ARM_CM3/port.o
 .bss.xIdleTaskTCBBuffer
                0x200009bc       0x54 Src/freertos.o
 .bss.xIdleStack
                0x20000a10      0x200 Src/freertos.o
 .bss.heap_end.5162
                0x20000c10        0x4 Src/sysmem.o
 .bss.__malloc_current_mallinfo
                0x20000c14       0x28 c:/st/stm32cubeide_1.0.1/stm32cubeide/plugins/com.st.stm32cube.ide.mcu.externaltools.gnu-arm-embedded.7-2018-q2-update.win32_1.0.0.201904081647/tools/bin/../lib/gcc/arm-none-eabi/7.3.1/../../../../arm-none-eabi/lib/thumb/v7-m\libc.a(lib_a-mallocr.o)
                0x20000c14                __malloc_current_mallinfo
 .bss.__malloc_max_sbrked_mem
                0x20000c3c        0x4 c:/st/stm32cubeide_1.0.1/stm32cubeide/plugins/com.st.stm32cube.ide.mcu.externaltools.gnu-arm-embedded.7-2018-q2-update.win32_1.0.0.201904081647/tools/bin/../lib/gcc/arm-none-eabi/7.3.1/../../../../arm-none-eabi/lib/thumb/v7-m\libc.a(lib_a-mallocr.o)
                0x20000c3c                __malloc_max_sbrked_mem
 .bss.__malloc_max_total_mem
                0x20000c40        0x4 c:/st/stm32cubeide_1.0.1/stm32cubeide/plugins/com.st.stm32cube.ide.mcu.externaltools.gnu-arm-embedded.7-2018-q2-update.win32_1.0.0.201904081647/tools/bin/../lib/gcc/arm-none-eabi/7.3.1/../../../../arm-none-eabi/lib/thumb/v7-m\libc.a(lib_a-mallocr.o)
                0x20000c40                __malloc_max_total_mem
 .bss.__malloc_top_pad
                0x20000c44        0x4 c:/st/stm32cubeide_1.0.1/stm32cubeide/plugins/com.st.stm32cube.ide.mcu.externaltools.gnu-arm-embedded.7-2018-q2-update.win32_1.0.0.201904081647/tools/bin/../lib/gcc/arm-none-eabi/7.3.1/../../../../arm-none-eabi/lib/thumb/v7-m\libc.a(lib_a-mallocr.o)
                0x20000c44                __malloc_top_pad
 *(COMMON)
 COMMON         0x20000c48      0xa44 Src/main.o
                0x20000c48                Task_5msHandle
                0x20000c4c                DS_ROM
                0x20000c54                Task_10msHandle
                0x20000c58                myTask2msControlBlock
                0x20000cac                hi2c1
                0x20000d00                IdleTaskHandle
                0x20000d04                oneWireDS18B20
                0x20000d18                myTask2msBuffer
                0x20000f18                temp
                0x20000f1c                defaultIdleTaskControlBlock
                0x20000f70                hadc1
                0x20000fa0                myTask5msBuffer
                0x200011a0                Task_2msHandle
                0x200011a4                htim2
                0x200011e4                defaultIdleTaskBuffer
                0x200013e4                myTask10msBuffer
                0x200015e4                myTask5msControlBlock
                0x20001638                myTask10msControlBlock
 COMMON         0x2000168c       0x40 Src/stm32f1xx_hal_timebase_tim.o
                0x2000168c                htim1
 COMMON         0x200016cc       0x21 c:/st/stm32cubeide_1.0.1/stm32cubeide/plugins/com.st.stm32cube.ide.mcu.externaltools.gnu-arm-embedded.7-2018-q2-update.win32_1.0.0.201904081647/tools/bin/../lib/gcc/arm-none-eabi/7.3.1/../../../../arm-none-eabi/lib/thumb/v7-m\libc.a(lib_a-lock.o)
                0x200016cc                __lock___atexit_recursive_mutex
                0x200016d0                __lock___arc4random_mutex
                0x200016d4                __lock___env_recursive_mutex
                0x200016d8                __lock___sinit_recursive_mutex
                0x200016dc                __lock___malloc_recursive_mutex
                0x200016e0                __lock___at_quick_exit_mutex
                0x200016e4                __lock___dd_hash_mutex
                0x200016e8                __lock___tz_mutex
                0x200016ec                __lock___sfp_recursive_mutex
 *fill*         0x200016ed        0x3 
 COMMON         0x200016f0        0x4 c:/st/stm32cubeide_1.0.1/stm32cubeide/plugins/com.st.stm32cube.ide.mcu.externaltools.gnu-arm-embedded.7-2018-q2-update.win32_1.0.0.201904081647/tools/bin/../lib/gcc/arm-none-eabi/7.3.1/../../../../arm-none-eabi/lib/thumb/v7-m\libc.a(lib_a-reent.o)
                0x200016f0                errno
                0x200016f4                . = ALIGN (0x4)
                0x200016f4                _ebss = .
                0x200016f4                __bss_end__ = _ebss

._user_heap_stack
                0x200016f4      0x604 load address 0x08005d20
                0x200016f8                . = ALIGN (0x8)
 *fill*         0x200016f4        0x4 
                0x200016f8                PROVIDE (end = .)
                [!provide]                PROVIDE (_end = .)
                0x200018f8                . = (. + _Min_Heap_Size)
 *fill*         0x200016f8      0x200 
                0x20001cf8                . = (. + _Min_Stack_Size)
 *fill*         0x200018f8      0x400 
                0x20001cf8                . = ALIGN (0x8)

/DISCARD/
 libc.a(*)
 libm.a(*)
 libgcc.a(*)

.ARM.attributes
                0x00000000       0x29
 *(.ARM.attributes)
 .ARM.attributes
                0x00000000       0x1d c:/st/stm32cubeide_1.0.1/stm32cubeide/plugins/com.st.stm32cube.ide.mcu.externaltools.gnu-arm-embedded.7-2018-q2-update.win32_1.0.0.201904081647/tools/bin/../lib/gcc/arm-none-eabi/7.3.1/thumb/v7-m/crti.o
 .ARM.attributes
                0x0000001d       0x2d c:/st/stm32cubeide_1.0.1/stm32cubeide/plugins/com.st.stm32cube.ide.mcu.externaltools.gnu-arm-embedded.7-2018-q2-update.win32_1.0.0.201904081647/tools/bin/../lib/gcc/arm-none-eabi/7.3.1/thumb/v7-m/crtbegin.o
 .ARM.attributes
                0x0000004a       0x33 Drivers/STM32F1xx_HAL_Driver/Src/stm32f1xx_hal.o
 .ARM.attributes
                0x0000007d       0x33 Drivers/STM32F1xx_HAL_Driver/Src/stm32f1xx_hal_adc.o
 .ARM.attributes
                0x000000b0       0x33 Drivers/STM32F1xx_HAL_Driver/Src/stm32f1xx_hal_adc_ex.o
 .ARM.attributes
                0x000000e3       0x33 Drivers/STM32F1xx_HAL_Driver/Src/stm32f1xx_hal_cortex.o
 .ARM.attributes
                0x00000116       0x33 Drivers/STM32F1xx_HAL_Driver/Src/stm32f1xx_hal_gpio.o
 .ARM.attributes
                0x00000149       0x33 Drivers/STM32F1xx_HAL_Driver/Src/stm32f1xx_hal_i2c.o
 .ARM.attributes
                0x0000017c       0x33 Drivers/STM32F1xx_HAL_Driver/Src/stm32f1xx_hal_rcc.o
 .ARM.attributes
                0x000001af       0x33 Drivers/STM32F1xx_HAL_Driver/Src/stm32f1xx_hal_rcc_ex.o
 .ARM.attributes
                0x000001e2       0x33 Drivers/STM32F1xx_HAL_Driver/Src/stm32f1xx_hal_tim.o
 .ARM.attributes
                0x00000215       0x33 Drivers/STM32F1xx_HAL_Driver/Src/stm32f1xx_hal_tim_ex.o
 .ARM.attributes
                0x00000248       0x33 Middlewares/IoHw_ds18b20/tm_stm32_delay.o
 .ARM.attributes
                0x0000027b       0x33 Middlewares/IoHw_ds18b20/tm_stm32_ds18b20.o
 .ARM.attributes
                0x000002ae       0x33 Middlewares/IoHw_ds18b20/tm_stm32_onewire.o
 .ARM.attributes
                0x000002e1       0x33 Middlewares/Third_Party/FreeRTOS/Source/CMSIS_RTOS/cmsis_os.o
 .ARM.attributes
                0x00000314       0x33 Middlewares/Third_Party/FreeRTOS/Source/list.o
 .ARM.attributes
                0x00000347       0x33 Middlewares/Third_Party/FreeRTOS/Source/tasks.o
 .ARM.attributes
                0x0000037a       0x33 Middlewares/Third_Party/FreeRTOS/Source/portable/GCC/ARM_CM3/port.o
 .ARM.attributes
                0x000003ad       0x33 Src/freertos.o
 .ARM.attributes
                0x000003e0       0x33 Src/main.o
 .ARM.attributes
                0x00000413       0x33 Src/stm32f1xx_hal_msp.o
 .ARM.attributes
                0x00000446       0x33 Src/stm32f1xx_hal_timebase_tim.o
 .ARM.attributes
                0x00000479       0x33 Src/stm32f1xx_it.o
 .ARM.attributes
                0x000004ac       0x33 Src/sysmem.o
 .ARM.attributes
                0x000004df       0x33 Src/system_stm32f1xx.o
 .ARM.attributes
                0x00000512       0x21 Startup/startup_stm32f103c8tx.o
 .ARM.attributes
                0x00000533       0x2d c:/st/stm32cubeide_1.0.1/stm32cubeide/plugins/com.st.stm32cube.ide.mcu.externaltools.gnu-arm-embedded.7-2018-q2-update.win32_1.0.0.201904081647/tools/bin/../lib/gcc/arm-none-eabi/7.3.1/../../../../arm-none-eabi/lib/thumb/v7-m\libc.a(lib_a-errno.o)
 .ARM.attributes
                0x00000560       0x2d c:/st/stm32cubeide_1.0.1/stm32cubeide/plugins/com.st.stm32cube.ide.mcu.externaltools.gnu-arm-embedded.7-2018-q2-update.win32_1.0.0.201904081647/tools/bin/../lib/gcc/arm-none-eabi/7.3.1/../../../../arm-none-eabi/lib/thumb/v7-m\libc.a(lib_a-impure.o)
 .ARM.attributes
                0x0000058d       0x2d c:/st/stm32cubeide_1.0.1/stm32cubeide/plugins/com.st.stm32cube.ide.mcu.externaltools.gnu-arm-embedded.7-2018-q2-update.win32_1.0.0.201904081647/tools/bin/../lib/gcc/arm-none-eabi/7.3.1/../../../../arm-none-eabi/lib/thumb/v7-m\libc.a(lib_a-init.o)
 .ARM.attributes
                0x000005ba       0x2d c:/st/stm32cubeide_1.0.1/stm32cubeide/plugins/com.st.stm32cube.ide.mcu.externaltools.gnu-arm-embedded.7-2018-q2-update.win32_1.0.0.201904081647/tools/bin/../lib/gcc/arm-none-eabi/7.3.1/../../../../arm-none-eabi/lib/thumb/v7-m\libc.a(lib_a-malloc.o)
 .ARM.attributes
                0x000005e7       0x2d c:/st/stm32cubeide_1.0.1/stm32cubeide/plugins/com.st.stm32cube.ide.mcu.externaltools.gnu-arm-embedded.7-2018-q2-update.win32_1.0.0.201904081647/tools/bin/../lib/gcc/arm-none-eabi/7.3.1/../../../../arm-none-eabi/lib/thumb/v7-m\libc.a(lib_a-mallocr.o)
 .ARM.attributes
                0x00000614       0x2d c:/st/stm32cubeide_1.0.1/stm32cubeide/plugins/com.st.stm32cube.ide.mcu.externaltools.gnu-arm-embedded.7-2018-q2-update.win32_1.0.0.201904081647/tools/bin/../lib/gcc/arm-none-eabi/7.3.1/../../../../arm-none-eabi/lib/thumb/v7-m\libc.a(lib_a-memset.o)
 .ARM.attributes
                0x00000641       0x2d c:/st/stm32cubeide_1.0.1/stm32cubeide/plugins/com.st.stm32cube.ide.mcu.externaltools.gnu-arm-embedded.7-2018-q2-update.win32_1.0.0.201904081647/tools/bin/../lib/gcc/arm-none-eabi/7.3.1/../../../../arm-none-eabi/lib/thumb/v7-m\libc.a(lib_a-mlock.o)
 .ARM.attributes
                0x0000066e       0x2d c:/st/stm32cubeide_1.0.1/stm32cubeide/plugins/com.st.stm32cube.ide.mcu.externaltools.gnu-arm-embedded.7-2018-q2-update.win32_1.0.0.201904081647/tools/bin/../lib/gcc/arm-none-eabi/7.3.1/../../../../arm-none-eabi/lib/thumb/v7-m\libc.a(lib_a-sbrkr.o)
 .ARM.attributes
                0x0000069b       0x2d c:/st/stm32cubeide_1.0.1/stm32cubeide/plugins/com.st.stm32cube.ide.mcu.externaltools.gnu-arm-embedded.7-2018-q2-update.win32_1.0.0.201904081647/tools/bin/../lib/gcc/arm-none-eabi/7.3.1/../../../../arm-none-eabi/lib/thumb/v7-m\libc.a(lib_a-__call_atexit.o)
 .ARM.attributes
                0x000006c8       0x2d c:/st/stm32cubeide_1.0.1/stm32cubeide/plugins/com.st.stm32cube.ide.mcu.externaltools.gnu-arm-embedded.7-2018-q2-update.win32_1.0.0.201904081647/tools/bin/../lib/gcc/arm-none-eabi/7.3.1/../../../../arm-none-eabi/lib/thumb/v7-m\libc.a(lib_a-atexit.o)
 .ARM.attributes
                0x000006f5       0x2d c:/st/stm32cubeide_1.0.1/stm32cubeide/plugins/com.st.stm32cube.ide.mcu.externaltools.gnu-arm-embedded.7-2018-q2-update.win32_1.0.0.201904081647/tools/bin/../lib/gcc/arm-none-eabi/7.3.1/../../../../arm-none-eabi/lib/thumb/v7-m\libc.a(lib_a-fini.o)
 .ARM.attributes
                0x00000722       0x2d c:/st/stm32cubeide_1.0.1/stm32cubeide/plugins/com.st.stm32cube.ide.mcu.externaltools.gnu-arm-embedded.7-2018-q2-update.win32_1.0.0.201904081647/tools/bin/../lib/gcc/arm-none-eabi/7.3.1/../../../../arm-none-eabi/lib/thumb/v7-m\libc.a(lib_a-freer.o)
 .ARM.attributes
                0x0000074f       0x2d c:/st/stm32cubeide_1.0.1/stm32cubeide/plugins/com.st.stm32cube.ide.mcu.externaltools.gnu-arm-embedded.7-2018-q2-update.win32_1.0.0.201904081647/tools/bin/../lib/gcc/arm-none-eabi/7.3.1/../../../../arm-none-eabi/lib/thumb/v7-m\libc.a(lib_a-lock.o)
 .ARM.attributes
                0x0000077c       0x2d c:/st/stm32cubeide_1.0.1/stm32cubeide/plugins/com.st.stm32cube.ide.mcu.externaltools.gnu-arm-embedded.7-2018-q2-update.win32_1.0.0.201904081647/tools/bin/../lib/gcc/arm-none-eabi/7.3.1/../../../../arm-none-eabi/lib/thumb/v7-m\libc.a(lib_a-reent.o)
 .ARM.attributes
                0x000007a9       0x2d c:/st/stm32cubeide_1.0.1/stm32cubeide/plugins/com.st.stm32cube.ide.mcu.externaltools.gnu-arm-embedded.7-2018-q2-update.win32_1.0.0.201904081647/tools/bin/../lib/gcc/arm-none-eabi/7.3.1/../../../../arm-none-eabi/lib/thumb/v7-m\libc.a(lib_a-__atexit.o)
 .ARM.attributes
                0x000007d6       0x1d c:/st/stm32cubeide_1.0.1/stm32cubeide/plugins/com.st.stm32cube.ide.mcu.externaltools.gnu-arm-embedded.7-2018-q2-update.win32_1.0.0.201904081647/tools/bin/../lib/gcc/arm-none-eabi/7.3.1/thumb/v7-m\libgcc.a(_arm_addsubsf3.o)
 .ARM.attributes
                0x000007f3       0x1d c:/st/stm32cubeide_1.0.1/stm32cubeide/plugins/com.st.stm32cube.ide.mcu.externaltools.gnu-arm-embedded.7-2018-q2-update.win32_1.0.0.201904081647/tools/bin/../lib/gcc/arm-none-eabi/7.3.1/thumb/v7-m\libgcc.a(_arm_muldivsf3.o)
 .ARM.attributes
                0x00000810       0x1d c:/st/stm32cubeide_1.0.1/stm32cubeide/plugins/com.st.stm32cube.ide.mcu.externaltools.gnu-arm-embedded.7-2018-q2-update.win32_1.0.0.201904081647/tools/bin/../lib/gcc/arm-none-eabi/7.3.1/thumb/v7-m/crtn.o
OUTPUT(BrewSaSys.elf elf32-littlearm)

.debug_info     0x00000000    0x1d7aa
 .debug_info    0x00000000      0xf06 Drivers/STM32F1xx_HAL_Driver/Src/stm32f1xx_hal.o
 .debug_info    0x00000f06     0x146e Drivers/STM32F1xx_HAL_Driver/Src/stm32f1xx_hal_adc.o
 .debug_info    0x00002374     0x1208 Drivers/STM32F1xx_HAL_Driver/Src/stm32f1xx_hal_adc_ex.o
 .debug_info    0x0000357c     0x1354 Drivers/STM32F1xx_HAL_Driver/Src/stm32f1xx_hal_cortex.o
 .debug_info    0x000048d0      0xeb9 Drivers/STM32F1xx_HAL_Driver/Src/stm32f1xx_hal_gpio.o
 .debug_info    0x00005789     0x29cb Drivers/STM32F1xx_HAL_Driver/Src/stm32f1xx_hal_i2c.o
 .debug_info    0x00008154     0x1035 Drivers/STM32F1xx_HAL_Driver/Src/stm32f1xx_hal_rcc.o
 .debug_info    0x00009189      0xc57 Drivers/STM32F1xx_HAL_Driver/Src/stm32f1xx_hal_rcc_ex.o
 .debug_info    0x00009de0     0x2a21 Drivers/STM32F1xx_HAL_Driver/Src/stm32f1xx_hal_tim.o
 .debug_info    0x0000c801     0x17d1 Drivers/STM32F1xx_HAL_Driver/Src/stm32f1xx_hal_tim_ex.o
 .debug_info    0x0000dfd2      0xfab Middlewares/IoHw_ds18b20/tm_stm32_delay.o
 .debug_info    0x0000ef7d      0xe85 Middlewares/IoHw_ds18b20/tm_stm32_ds18b20.o
 .debug_info    0x0000fe02     0x11b6 Middlewares/IoHw_ds18b20/tm_stm32_onewire.o
 .debug_info    0x00010fb8     0x1e16 Middlewares/Third_Party/FreeRTOS/Source/CMSIS_RTOS/cmsis_os.o
 .debug_info    0x00012dce      0xacc Middlewares/Third_Party/FreeRTOS/Source/list.o
 .debug_info    0x0001389a     0x230a Middlewares/Third_Party/FreeRTOS/Source/tasks.o
 .debug_info    0x00015ba4      0x4a0 Middlewares/Third_Party/FreeRTOS/Source/portable/GCC/ARM_CM3/port.o
 .debug_info    0x00016044      0xb3c Src/freertos.o
 .debug_info    0x00016b80     0x1d13 Src/main.o
 .debug_info    0x00018893     0x17ef Src/stm32f1xx_hal_msp.o
 .debug_info    0x0001a082     0x1104 Src/stm32f1xx_hal_timebase_tim.o
 .debug_info    0x0001b186     0x1085 Src/stm32f1xx_it.o
 .debug_info    0x0001c20b      0x928 Src/sysmem.o
 .debug_info    0x0001cb33      0xc55 Src/system_stm32f1xx.o
 .debug_info    0x0001d788       0x22 Startup/startup_stm32f103c8tx.o

.debug_abbrev   0x00000000     0x3fd2
 .debug_abbrev  0x00000000      0x2f2 Drivers/STM32F1xx_HAL_Driver/Src/stm32f1xx_hal.o
 .debug_abbrev  0x000002f2      0x26c Drivers/STM32F1xx_HAL_Driver/Src/stm32f1xx_hal_adc.o
 .debug_abbrev  0x0000055e      0x28c Drivers/STM32F1xx_HAL_Driver/Src/stm32f1xx_hal_adc_ex.o
 .debug_abbrev  0x000007ea      0x393 Drivers/STM32F1xx_HAL_Driver/Src/stm32f1xx_hal_cortex.o
 .debug_abbrev  0x00000b7d      0x286 Drivers/STM32F1xx_HAL_Driver/Src/stm32f1xx_hal_gpio.o
 .debug_abbrev  0x00000e03      0x2df Drivers/STM32F1xx_HAL_Driver/Src/stm32f1xx_hal_i2c.o
 .debug_abbrev  0x000010e2      0x320 Drivers/STM32F1xx_HAL_Driver/Src/stm32f1xx_hal_rcc.o
 .debug_abbrev  0x00001402      0x25d Drivers/STM32F1xx_HAL_Driver/Src/stm32f1xx_hal_rcc_ex.o
 .debug_abbrev  0x0000165f      0x2e7 Drivers/STM32F1xx_HAL_Driver/Src/stm32f1xx_hal_tim.o
 .debug_abbrev  0x00001946      0x2c4 Drivers/STM32F1xx_HAL_Driver/Src/stm32f1xx_hal_tim_ex.o
 .debug_abbrev  0x00001c0a      0x31a Middlewares/IoHw_ds18b20/tm_stm32_delay.o
 .debug_abbrev  0x00001f24      0x2bf Middlewares/IoHw_ds18b20/tm_stm32_ds18b20.o
 .debug_abbrev  0x000021e3      0x309 Middlewares/IoHw_ds18b20/tm_stm32_onewire.o
 .debug_abbrev  0x000024ec      0x3a5 Middlewares/Third_Party/FreeRTOS/Source/CMSIS_RTOS/cmsis_os.o
 .debug_abbrev  0x00002891      0x1fb Middlewares/Third_Party/FreeRTOS/Source/list.o
 .debug_abbrev  0x00002a8c      0x389 Middlewares/Third_Party/FreeRTOS/Source/tasks.o
 .debug_abbrev  0x00002e15      0x202 Middlewares/Third_Party/FreeRTOS/Source/portable/GCC/ARM_CM3/port.o
 .debug_abbrev  0x00003017      0x1e8 Src/freertos.o
 .debug_abbrev  0x000031ff      0x2f6 Src/main.o
 .debug_abbrev  0x000034f5      0x275 Src/stm32f1xx_hal_msp.o
 .debug_abbrev  0x0000376a      0x243 Src/stm32f1xx_hal_timebase_tim.o
 .debug_abbrev  0x000039ad      0x200 Src/stm32f1xx_it.o
 .debug_abbrev  0x00003bad      0x1ee Src/sysmem.o
 .debug_abbrev  0x00003d9b      0x225 Src/system_stm32f1xx.o
 .debug_abbrev  0x00003fc0       0x12 Startup/startup_stm32f103c8tx.o

.debug_aranges  0x00000000     0x1320
 .debug_aranges
                0x00000000       0xd0 Drivers/STM32F1xx_HAL_Driver/Src/stm32f1xx_hal.o
 .debug_aranges
                0x000000d0       0xf0 Drivers/STM32F1xx_HAL_Driver/Src/stm32f1xx_hal_adc.o
 .debug_aranges
                0x000001c0       0x80 Drivers/STM32F1xx_HAL_Driver/Src/stm32f1xx_hal_adc_ex.o
 .debug_aranges
                0x00000240      0x100 Drivers/STM32F1xx_HAL_Driver/Src/stm32f1xx_hal_cortex.o
 .debug_aranges
                0x00000340       0x58 Drivers/STM32F1xx_HAL_Driver/Src/stm32f1xx_hal_gpio.o
 .debug_aranges
                0x00000398      0x268 Drivers/STM32F1xx_HAL_Driver/Src/stm32f1xx_hal_i2c.o
 .debug_aranges
                0x00000600       0x90 Drivers/STM32F1xx_HAL_Driver/Src/stm32f1xx_hal_rcc.o
 .debug_aranges
                0x00000690       0x30 Drivers/STM32F1xx_HAL_Driver/Src/stm32f1xx_hal_rcc_ex.o
 .debug_aranges
                0x000006c0      0x368 Drivers/STM32F1xx_HAL_Driver/Src/stm32f1xx_hal_tim.o
 .debug_aranges
                0x00000a28      0x138 Drivers/STM32F1xx_HAL_Driver/Src/stm32f1xx_hal_tim_ex.o
 .debug_aranges
                0x00000b60       0x78 Middlewares/IoHw_ds18b20/tm_stm32_delay.o
 .debug_aranges
                0x00000bd8       0x70 Middlewares/IoHw_ds18b20/tm_stm32_ds18b20.o
 .debug_aranges
                0x00000c48       0xc0 Middlewares/IoHw_ds18b20/tm_stm32_onewire.o
 .debug_aranges
                0x00000d08      0x1d8 Middlewares/Third_Party/FreeRTOS/Source/CMSIS_RTOS/cmsis_os.o
 .debug_aranges
                0x00000ee0       0x40 Middlewares/Third_Party/FreeRTOS/Source/list.o
 .debug_aranges
                0x00000f20      0x198 Middlewares/Third_Party/FreeRTOS/Source/tasks.o
 .debug_aranges
                0x000010b8       0x78 Middlewares/Third_Party/FreeRTOS/Source/portable/GCC/ARM_CM3/port.o
 .debug_aranges
                0x00001130       0x20 Src/freertos.o
 .debug_aranges
                0x00001150       0x78 Src/main.o
 .debug_aranges
                0x000011c8       0x58 Src/stm32f1xx_hal_msp.o
 .debug_aranges
                0x00001220       0x30 Src/stm32f1xx_hal_timebase_tim.o
 .debug_aranges
                0x00001250       0x60 Src/stm32f1xx_it.o
 .debug_aranges
                0x000012b0       0x20 Src/sysmem.o
 .debug_aranges
                0x000012d0       0x28 Src/system_stm32f1xx.o
 .debug_aranges
                0x000012f8       0x28 Startup/startup_stm32f103c8tx.o

.debug_ranges   0x00000000     0x1198
 .debug_ranges  0x00000000       0xc0 Drivers/STM32F1xx_HAL_Driver/Src/stm32f1xx_hal.o
 .debug_ranges  0x000000c0       0xe0 Drivers/STM32F1xx_HAL_Driver/Src/stm32f1xx_hal_adc.o
 .debug_ranges  0x000001a0       0x70 Drivers/STM32F1xx_HAL_Driver/Src/stm32f1xx_hal_adc_ex.o
 .debug_ranges  0x00000210       0xf0 Drivers/STM32F1xx_HAL_Driver/Src/stm32f1xx_hal_cortex.o
 .debug_ranges  0x00000300       0x48 Drivers/STM32F1xx_HAL_Driver/Src/stm32f1xx_hal_gpio.o
 .debug_ranges  0x00000348      0x258 Drivers/STM32F1xx_HAL_Driver/Src/stm32f1xx_hal_i2c.o
 .debug_ranges  0x000005a0       0x80 Drivers/STM32F1xx_HAL_Driver/Src/stm32f1xx_hal_rcc.o
 .debug_ranges  0x00000620       0x20 Drivers/STM32F1xx_HAL_Driver/Src/stm32f1xx_hal_rcc_ex.o
 .debug_ranges  0x00000640      0x358 Drivers/STM32F1xx_HAL_Driver/Src/stm32f1xx_hal_tim.o
 .debug_ranges  0x00000998      0x128 Drivers/STM32F1xx_HAL_Driver/Src/stm32f1xx_hal_tim_ex.o
 .debug_ranges  0x00000ac0       0x68 Middlewares/IoHw_ds18b20/tm_stm32_delay.o
 .debug_ranges  0x00000b28       0x60 Middlewares/IoHw_ds18b20/tm_stm32_ds18b20.o
 .debug_ranges  0x00000b88       0xb0 Middlewares/IoHw_ds18b20/tm_stm32_onewire.o
 .debug_ranges  0x00000c38      0x1c8 Middlewares/Third_Party/FreeRTOS/Source/CMSIS_RTOS/cmsis_os.o
 .debug_ranges  0x00000e00       0x30 Middlewares/Third_Party/FreeRTOS/Source/list.o
 .debug_ranges  0x00000e30      0x188 Middlewares/Third_Party/FreeRTOS/Source/tasks.o
 .debug_ranges  0x00000fb8       0x68 Middlewares/Third_Party/FreeRTOS/Source/portable/GCC/ARM_CM3/port.o
 .debug_ranges  0x00001020       0x10 Src/freertos.o
 .debug_ranges  0x00001030       0x68 Src/main.o
 .debug_ranges  0x00001098       0x48 Src/stm32f1xx_hal_msp.o
 .debug_ranges  0x000010e0       0x20 Src/stm32f1xx_hal_timebase_tim.o
 .debug_ranges  0x00001100       0x50 Src/stm32f1xx_it.o
 .debug_ranges  0x00001150       0x10 Src/sysmem.o
 .debug_ranges  0x00001160       0x18 Src/system_stm32f1xx.o
 .debug_ranges  0x00001178       0x20 Startup/startup_stm32f103c8tx.o

.debug_line     0x00000000     0xb0fc
 .debug_line    0x00000000      0x548 Drivers/STM32F1xx_HAL_Driver/Src/stm32f1xx_hal.o
 .debug_line    0x00000548      0x8f6 Drivers/STM32F1xx_HAL_Driver/Src/stm32f1xx_hal_adc.o
 .debug_line    0x00000e3e      0x758 Drivers/STM32F1xx_HAL_Driver/Src/stm32f1xx_hal_adc_ex.o
 .debug_line    0x00001596      0x62e Drivers/STM32F1xx_HAL_Driver/Src/stm32f1xx_hal_cortex.o
 .debug_line    0x00001bc4      0x5a7 Drivers/STM32F1xx_HAL_Driver/Src/stm32f1xx_hal_gpio.o
 .debug_line    0x0000216b     0x148e Drivers/STM32F1xx_HAL_Driver/Src/stm32f1xx_hal_i2c.o
 .debug_line    0x000035f9      0x699 Drivers/STM32F1xx_HAL_Driver/Src/stm32f1xx_hal_rcc.o
 .debug_line    0x00003c92      0x471 Drivers/STM32F1xx_HAL_Driver/Src/stm32f1xx_hal_rcc_ex.o
 .debug_line    0x00004103     0x134f Drivers/STM32F1xx_HAL_Driver/Src/stm32f1xx_hal_tim.o
 .debug_line    0x00005452      0x95c Drivers/STM32F1xx_HAL_Driver/Src/stm32f1xx_hal_tim_ex.o
 .debug_line    0x00005dae      0x5a7 Middlewares/IoHw_ds18b20/tm_stm32_delay.o
 .debug_line    0x00006355      0x5dc Middlewares/IoHw_ds18b20/tm_stm32_ds18b20.o
 .debug_line    0x00006931      0x72c Middlewares/IoHw_ds18b20/tm_stm32_onewire.o
 .debug_line    0x0000705d      0x9fa Middlewares/Third_Party/FreeRTOS/Source/CMSIS_RTOS/cmsis_os.o
 .debug_line    0x00007a57      0x4a3 Middlewares/Third_Party/FreeRTOS/Source/list.o
 .debug_line    0x00007efa      0xf11 Middlewares/Third_Party/FreeRTOS/Source/tasks.o
 .debug_line    0x00008e0b      0x40d Middlewares/Third_Party/FreeRTOS/Source/portable/GCC/ARM_CM3/port.o
 .debug_line    0x00009218      0x3fd Src/freertos.o
 .debug_line    0x00009615      0x7bd Src/main.o
 .debug_line    0x00009dd2      0x49e Src/stm32f1xx_hal_msp.o
 .debug_line    0x0000a270      0x406 Src/stm32f1xx_hal_timebase_tim.o
 .debug_line    0x0000a676      0x45c Src/stm32f1xx_it.o
 .debug_line    0x0000aad2      0x1f5 Src/sysmem.o
 .debug_line    0x0000acc7      0x3b6 Src/system_stm32f1xx.o
 .debug_line    0x0000b07d       0x7f Startup/startup_stm32f103c8tx.o

.debug_str      0x00000000     0x5f21
 .debug_str     0x00000000      0xb6b Drivers/STM32F1xx_HAL_Driver/Src/stm32f1xx_hal.o
                                0xbfb (size before relaxing)
 .debug_str     0x00000b6b      0x5c9 Drivers/STM32F1xx_HAL_Driver/Src/stm32f1xx_hal_adc.o
                                0xcf3 (size before relaxing)
 .debug_str     0x00001134      0x2b4 Drivers/STM32F1xx_HAL_Driver/Src/stm32f1xx_hal_adc_ex.o
                                0xca3 (size before relaxing)
 .debug_str     0x000013e8      0x31d Drivers/STM32F1xx_HAL_Driver/Src/stm32f1xx_hal_cortex.o
                                0xd68 (size before relaxing)
 .debug_str     0x00001705      0x1c9 Drivers/STM32F1xx_HAL_Driver/Src/stm32f1xx_hal_gpio.o
                                0x8d5 (size before relaxing)
 .debug_str     0x000018ce      0xa63 Drivers/STM32F1xx_HAL_Driver/Src/stm32f1xx_hal_i2c.o
                               0x1328 (size before relaxing)
 .debug_str     0x00002331      0x305 Drivers/STM32F1xx_HAL_Driver/Src/stm32f1xx_hal_rcc.o
                                0xa85 (size before relaxing)
 .debug_str     0x00002636      0x12b Drivers/STM32F1xx_HAL_Driver/Src/stm32f1xx_hal_rcc_ex.o
                                0x86f (size before relaxing)
 .debug_str     0x00002761      0xecf Drivers/STM32F1xx_HAL_Driver/Src/stm32f1xx_hal_tim.o
                               0x17af (size before relaxing)
 .debug_str     0x00003630      0x527 Drivers/STM32F1xx_HAL_Driver/Src/stm32f1xx_hal_tim_ex.o
                               0x104c (size before relaxing)
 .debug_str     0x00003b57      0x27a Middlewares/IoHw_ds18b20/tm_stm32_delay.o
                                0x9a8 (size before relaxing)
 .debug_str     0x00003dd1      0x25d Middlewares/IoHw_ds18b20/tm_stm32_ds18b20.o
                                0x911 (size before relaxing)
 .debug_str     0x0000402e      0x2c7 Middlewares/IoHw_ds18b20/tm_stm32_onewire.o
                                0xac4 (size before relaxing)
 .debug_str     0x000042f5      0xa33 Middlewares/Third_Party/FreeRTOS/Source/CMSIS_RTOS/cmsis_os.o
                               0x10eb (size before relaxing)
 .debug_str     0x00004d28      0x139 Middlewares/Third_Party/FreeRTOS/Source/list.o
                                0x702 (size before relaxing)
 .debug_str     0x00004e61      0xa1a Middlewares/Third_Party/FreeRTOS/Source/tasks.o
                               0x1228 (size before relaxing)
 .debug_str     0x0000587b      0x1f8 Middlewares/Third_Party/FreeRTOS/Source/portable/GCC/ARM_CM3/port.o
                                0x44a (size before relaxing)
 .debug_str     0x00005a73       0x7c Src/freertos.o
                                0x7ab (size before relaxing)
 .debug_str     0x00005aef      0x22a Src/main.o
                               0x15dc (size before relaxing)
 .debug_str     0x00005d19       0x38 Src/stm32f1xx_hal_msp.o
                               0x11da (size before relaxing)
 .debug_str     0x00005d51       0x50 Src/stm32f1xx_hal_timebase_tim.o
                                0xe3c (size before relaxing)
 .debug_str     0x00005da1       0xb0 Src/stm32f1xx_it.o
                                0xbbc (size before relaxing)
 .debug_str     0x00005e51       0x52 Src/sysmem.o
                                0x5be (size before relaxing)
 .debug_str     0x00005ea3       0x4d Src/system_stm32f1xx.o
                                0x73e (size before relaxing)
 .debug_str     0x00005ef0       0x31 Startup/startup_stm32f103c8tx.o
                                 0x6d (size before relaxing)

.comment        0x00000000       0x7f
 .comment       0x00000000       0x7f Drivers/STM32F1xx_HAL_Driver/Src/stm32f1xx_hal.o
                                 0x80 (size before relaxing)
 .comment       0x0000007f       0x80 Drivers/STM32F1xx_HAL_Driver/Src/stm32f1xx_hal_adc.o
 .comment       0x0000007f       0x80 Drivers/STM32F1xx_HAL_Driver/Src/stm32f1xx_hal_adc_ex.o
 .comment       0x0000007f       0x80 Drivers/STM32F1xx_HAL_Driver/Src/stm32f1xx_hal_cortex.o
 .comment       0x0000007f       0x80 Drivers/STM32F1xx_HAL_Driver/Src/stm32f1xx_hal_gpio.o
 .comment       0x0000007f       0x80 Drivers/STM32F1xx_HAL_Driver/Src/stm32f1xx_hal_i2c.o
 .comment       0x0000007f       0x80 Drivers/STM32F1xx_HAL_Driver/Src/stm32f1xx_hal_rcc.o
 .comment       0x0000007f       0x80 Drivers/STM32F1xx_HAL_Driver/Src/stm32f1xx_hal_rcc_ex.o
 .comment       0x0000007f       0x80 Drivers/STM32F1xx_HAL_Driver/Src/stm32f1xx_hal_tim.o
 .comment       0x0000007f       0x80 Drivers/STM32F1xx_HAL_Driver/Src/stm32f1xx_hal_tim_ex.o
 .comment       0x0000007f       0x80 Middlewares/IoHw_ds18b20/tm_stm32_delay.o
 .comment       0x0000007f       0x80 Middlewares/IoHw_ds18b20/tm_stm32_ds18b20.o
 .comment       0x0000007f       0x80 Middlewares/IoHw_ds18b20/tm_stm32_onewire.o
 .comment       0x0000007f       0x80 Middlewares/Third_Party/FreeRTOS/Source/CMSIS_RTOS/cmsis_os.o
 .comment       0x0000007f       0x80 Middlewares/Third_Party/FreeRTOS/Source/list.o
 .comment       0x0000007f       0x80 Middlewares/Third_Party/FreeRTOS/Source/tasks.o
 .comment       0x0000007f       0x80 Middlewares/Third_Party/FreeRTOS/Source/portable/GCC/ARM_CM3/port.o
 .comment       0x0000007f       0x80 Src/freertos.o
 .comment       0x0000007f       0x80 Src/main.o
 .comment       0x0000007f       0x80 Src/stm32f1xx_hal_msp.o
 .comment       0x0000007f       0x80 Src/stm32f1xx_hal_timebase_tim.o
 .comment       0x0000007f       0x80 Src/stm32f1xx_it.o
 .comment       0x0000007f       0x80 Src/sysmem.o
 .comment       0x0000007f       0x80 Src/system_stm32f1xx.o

.debug_frame    0x00000000     0x52a4
 .debug_frame   0x00000000      0x2fc Drivers/STM32F1xx_HAL_Driver/Src/stm32f1xx_hal.o
 .debug_frame   0x000002fc      0x40c Drivers/STM32F1xx_HAL_Driver/Src/stm32f1xx_hal_adc.o
 .debug_frame   0x00000708      0x204 Drivers/STM32F1xx_HAL_Driver/Src/stm32f1xx_hal_adc_ex.o
 .debug_frame   0x0000090c      0x428 Drivers/STM32F1xx_HAL_Driver/Src/stm32f1xx_hal_cortex.o
 .debug_frame   0x00000d34      0x14c Drivers/STM32F1xx_HAL_Driver/Src/stm32f1xx_hal_gpio.o
 .debug_frame   0x00000e80      0xb30 Drivers/STM32F1xx_HAL_Driver/Src/stm32f1xx_hal_i2c.o
 .debug_frame   0x000019b0      0x21c Drivers/STM32F1xx_HAL_Driver/Src/stm32f1xx_hal_rcc.o
 .debug_frame   0x00001bcc       0x84 Drivers/STM32F1xx_HAL_Driver/Src/stm32f1xx_hal_rcc_ex.o
 .debug_frame   0x00001c50      0xfb4 Drivers/STM32F1xx_HAL_Driver/Src/stm32f1xx_hal_tim.o
 .debug_frame   0x00002c04      0x54c Drivers/STM32F1xx_HAL_Driver/Src/stm32f1xx_hal_tim_ex.o
 .debug_frame   0x00003150      0x1d0 Middlewares/IoHw_ds18b20/tm_stm32_delay.o
 .debug_frame   0x00003320      0x1a4 Middlewares/IoHw_ds18b20/tm_stm32_ds18b20.o
 .debug_frame   0x000034c4      0x31c Middlewares/IoHw_ds18b20/tm_stm32_onewire.o
 .debug_frame   0x000037e0      0x80c Middlewares/Third_Party/FreeRTOS/Source/CMSIS_RTOS/cmsis_os.o
 .debug_frame   0x00003fec       0xd8 Middlewares/Third_Party/FreeRTOS/Source/list.o
 .debug_frame   0x000040c4      0x6ec Middlewares/Third_Party/FreeRTOS/Source/tasks.o
 .debug_frame   0x000047b0      0x18c Middlewares/Third_Party/FreeRTOS/Source/portable/GCC/ARM_CM3/port.o
 .debug_frame   0x0000493c       0x38 Src/freertos.o
 .debug_frame   0x00004974      0x1a0 Src/main.o
 .debug_frame   0x00004b14      0x130 Src/stm32f1xx_hal_msp.o
 .debug_frame   0x00004c44       0x74 Src/stm32f1xx_hal_timebase_tim.o
 .debug_frame   0x00004cb8      0x104 Src/stm32f1xx_it.o
 .debug_frame   0x00004dbc       0x34 Src/sysmem.o
 .debug_frame   0x00004df0       0x58 Src/system_stm32f1xx.o
 .debug_frame   0x00004e48       0x20 c:/st/stm32cubeide_1.0.1/stm32cubeide/plugins/com.st.stm32cube.ide.mcu.externaltools.gnu-arm-embedded.7-2018-q2-update.win32_1.0.0.201904081647/tools/bin/../lib/gcc/arm-none-eabi/7.3.1/../../../../arm-none-eabi/lib/thumb/v7-m\libc.a(lib_a-errno.o)
 .debug_frame   0x00004e68       0x2c c:/st/stm32cubeide_1.0.1/stm32cubeide/plugins/com.st.stm32cube.ide.mcu.externaltools.gnu-arm-embedded.7-2018-q2-update.win32_1.0.0.201904081647/tools/bin/../lib/gcc/arm-none-eabi/7.3.1/../../../../arm-none-eabi/lib/thumb/v7-m\libc.a(lib_a-init.o)
 .debug_frame   0x00004e94       0x30 c:/st/stm32cubeide_1.0.1/stm32cubeide/plugins/com.st.stm32cube.ide.mcu.externaltools.gnu-arm-embedded.7-2018-q2-update.win32_1.0.0.201904081647/tools/bin/../lib/gcc/arm-none-eabi/7.3.1/../../../../arm-none-eabi/lib/thumb/v7-m\libc.a(lib_a-malloc.o)
 .debug_frame   0x00004ec4       0x4c c:/st/stm32cubeide_1.0.1/stm32cubeide/plugins/com.st.stm32cube.ide.mcu.externaltools.gnu-arm-embedded.7-2018-q2-update.win32_1.0.0.201904081647/tools/bin/../lib/gcc/arm-none-eabi/7.3.1/../../../../arm-none-eabi/lib/thumb/v7-m\libc.a(lib_a-mallocr.o)
 .debug_frame   0x00004f10       0x38 c:/st/stm32cubeide_1.0.1/stm32cubeide/plugins/com.st.stm32cube.ide.mcu.externaltools.gnu-arm-embedded.7-2018-q2-update.win32_1.0.0.201904081647/tools/bin/../lib/gcc/arm-none-eabi/7.3.1/../../../../arm-none-eabi/lib/thumb/v7-m\libc.a(lib_a-memset.o)
 .debug_frame   0x00004f48       0x30 c:/st/stm32cubeide_1.0.1/stm32cubeide/plugins/com.st.stm32cube.ide.mcu.externaltools.gnu-arm-embedded.7-2018-q2-update.win32_1.0.0.201904081647/tools/bin/../lib/gcc/arm-none-eabi/7.3.1/../../../../arm-none-eabi/lib/thumb/v7-m\libc.a(lib_a-mlock.o)
 .debug_frame   0x00004f78       0x2c c:/st/stm32cubeide_1.0.1/stm32cubeide/plugins/com.st.stm32cube.ide.mcu.externaltools.gnu-arm-embedded.7-2018-q2-update.win32_1.0.0.201904081647/tools/bin/../lib/gcc/arm-none-eabi/7.3.1/../../../../arm-none-eabi/lib/thumb/v7-m\libc.a(lib_a-sbrkr.o)
 .debug_frame   0x00004fa4       0x5c c:/st/stm32cubeide_1.0.1/stm32cubeide/plugins/com.st.stm32cube.ide.mcu.externaltools.gnu-arm-embedded.7-2018-q2-update.win32_1.0.0.201904081647/tools/bin/../lib/gcc/arm-none-eabi/7.3.1/../../../../arm-none-eabi/lib/thumb/v7-m\libc.a(lib_a-__call_atexit.o)
 .debug_frame   0x00005000       0x20 c:/st/stm32cubeide_1.0.1/stm32cubeide/plugins/com.st.stm32cube.ide.mcu.externaltools.gnu-arm-embedded.7-2018-q2-update.win32_1.0.0.201904081647/tools/bin/../lib/gcc/arm-none-eabi/7.3.1/../../../../arm-none-eabi/lib/thumb/v7-m\libc.a(lib_a-atexit.o)
 .debug_frame   0x00005020       0x34 c:/st/stm32cubeide_1.0.1/stm32cubeide/plugins/com.st.stm32cube.ide.mcu.externaltools.gnu-arm-embedded.7-2018-q2-update.win32_1.0.0.201904081647/tools/bin/../lib/gcc/arm-none-eabi/7.3.1/../../../../arm-none-eabi/lib/thumb/v7-m\libc.a(lib_a-fini.o)
 .debug_frame   0x00005054       0x80 c:/st/stm32cubeide_1.0.1/stm32cubeide/plugins/com.st.stm32cube.ide.mcu.externaltools.gnu-arm-embedded.7-2018-q2-update.win32_1.0.0.201904081647/tools/bin/../lib/gcc/arm-none-eabi/7.3.1/../../../../arm-none-eabi/lib/thumb/v7-m\libc.a(lib_a-freer.o)
 .debug_frame   0x000050d4       0xb0 c:/st/stm32cubeide_1.0.1/stm32cubeide/plugins/com.st.stm32cube.ide.mcu.externaltools.gnu-arm-embedded.7-2018-q2-update.win32_1.0.0.201904081647/tools/bin/../lib/gcc/arm-none-eabi/7.3.1/../../../../arm-none-eabi/lib/thumb/v7-m\libc.a(lib_a-lock.o)
 .debug_frame   0x00005184       0x68 c:/st/stm32cubeide_1.0.1/stm32cubeide/plugins/com.st.stm32cube.ide.mcu.externaltools.gnu-arm-embedded.7-2018-q2-update.win32_1.0.0.201904081647/tools/bin/../lib/gcc/arm-none-eabi/7.3.1/../../../../arm-none-eabi/lib/thumb/v7-m\libc.a(lib_a-reent.o)
 .debug_frame   0x000051ec       0x34 c:/st/stm32cubeide_1.0.1/stm32cubeide/plugins/com.st.stm32cube.ide.mcu.externaltools.gnu-arm-embedded.7-2018-q2-update.win32_1.0.0.201904081647/tools/bin/../lib/gcc/arm-none-eabi/7.3.1/../../../../arm-none-eabi/lib/thumb/v7-m\libc.a(lib_a-__atexit.o)
 .debug_frame   0x00005220       0x4c c:/st/stm32cubeide_1.0.1/stm32cubeide/plugins/com.st.stm32cube.ide.mcu.externaltools.gnu-arm-embedded.7-2018-q2-update.win32_1.0.0.201904081647/tools/bin/../lib/gcc/arm-none-eabi/7.3.1/thumb/v7-m\libgcc.a(_arm_addsubsf3.o)
 .debug_frame   0x0000526c       0x38 c:/st/stm32cubeide_1.0.1/stm32cubeide/plugins/com.st.stm32cube.ide.mcu.externaltools.gnu-arm-embedded.7-2018-q2-update.win32_1.0.0.201904081647/tools/bin/../lib/gcc/arm-none-eabi/7.3.1/thumb/v7-m\libgcc.a(_arm_muldivsf3.o)
