tm_stm32_delay.h:183:22:Delay	24	static
tm_stm32_onewire.c:28:6:gpio_ds18b20_outputMode	24	static
tm_stm32_onewire.c:41:6:gpio_ds18b20_inputMode	24	static
tm_stm32_onewire.c:53:6:TM_OneWire_Init	24	static
tm_stm32_onewire.c:67:9:TM_OneWire_Reset	24	static
tm_stm32_onewire.c:89:6:TM_OneWire_WriteBit	16	static
tm_stm32_onewire.c:119:9:TM_OneWire_ReadBit	24	static
tm_stm32_onewire.c:146:6:TM_OneWire_WriteByte	24	static
tm_stm32_onewire.c:156:9:TM_OneWire_ReadByte	24	static
tm_stm32_onewire.c:166:9:TM_OneWire_First	16	static
tm_stm32_onewire.c:174:9:TM_OneWire_Next	16	static
tm_stm32_onewire.c:179:6:TM_OneWire_ResetSearch	16	static
tm_stm32_onewire.c:186:9:TM_OneWire_Search	24	static
tm_stm32_onewire.c:295:5:TM_OneWire_Verify	48	static
tm_stm32_onewire.c:335:6:TM_OneWire_TargetSetup	24	static
tm_stm32_onewire.c:349:6:TM_OneWire_FamilySkipSetup	16	static
tm_stm32_onewire.c:360:9:TM_OneWire_GetROM	16	static
tm_stm32_onewire.c:364:6:TM_OneWire_Select	24	static
tm_stm32_onewire.c:373:6:TM_OneWire_SelectWithPointer	24	static
tm_stm32_onewire.c:382:6:TM_OneWire_GetFullROM	24	static
tm_stm32_onewire.c:389:9:TM_OneWire_CRC8	24	static
