main.c:100:6:HAL_ADC_ConvCpltCallback	24	static
main.c:116:5:main	128	static
main.c:236:6:SystemClock_Config	88	static
main.c:281:13:MX_ADC1_Init	24	static
main.c:342:13:MX_I2C1_Init	8	static
main.c:376:13:MX_TIM2_Init	48	static
main.c:427:13:MX_DMA_Init	16	static
main.c:444:13:MX_GPIO_Init	40	static
main.c:500:6:StartIdleTask	16	static
main.c:519:6:StartTask2ms	24	static
main.c:545:6:StartTask5ms	24	static
main.c:571:6:StartTask10ms	24	static
main.c:645:6:HAL_TIM_PeriodElapsedCallback	16	static
main.c:662:6:Error_Handler	4	static
